Archive member included because of file (symbol)

./../Platform/BSP/debug/libBSP_efm32_debug.a(BSP_Adc.o)
                              /Users/tianyigao/XDK-Workspace/Coap/debug/objects/source/AdcCentral.o (BSP_Adc_Connect)
./../Platform/BSP/debug/libBSP_efm32_debug.a(BSP_Board.o)
                              /Users/tianyigao/XDK-Workspace/Coap/debug/objects/source/SystemStartup.o (BSP_Board_OSTickInitialize)
./../Platform/BSP/debug/libBSP_efm32_debug.a(BSP_Charger_BQ2407X.o)
                              /Users/tianyigao/XDK-Workspace/Coap/debug/objects/source/BatteryMonitor.o (BSP_Charger_BQ2407X_Connect)
./../Platform/BSP/debug/libBSP_efm32_debug.a(BSP_DMA.o)
                              ./../Platform/BSP/debug/libBSP_efm32_debug.a(BSP_Board.o) (BSP_DMA_Initialize)
./../Platform/BSP/debug/libBSP_efm32_debug.a(BSP_ExtensionPort.o)
                              /Users/tianyigao/XDK-Workspace/Coap/debug/objects/source/ExtensionPortSpi.o (BSP_ExtensionPort_Disconnect)
./../Platform/BSP/debug/libBSP_efm32_debug.a(BSP_IrqHandler.o)
                              ./../Platform/BSP/debug/libBSP_efm32_debug.a(BSP_Board.o) (IrqHandler_SysTickDummyHandler)
./../Platform/BSP/debug/libBSP_efm32_debug.a(BSP_LED.o)
                              /Users/tianyigao/XDK-Workspace/Coap/debug/objects/source/SystemStartup.o (BSP_LED_Connect)
./../Platform/BSP/debug/libBSP_efm32_debug.a(BSP_LemSensor.o)
                              /Users/tianyigao/XDK-Workspace/Coap/debug/objects/source/Sensor/Lem.o (BSP_LemSensor_Connect)
./../Platform/BSP/debug/libBSP_efm32_debug.a(BSP_Mic_AKU340.o)
                              /Users/tianyigao/XDK-Workspace/Coap/debug/objects/source/Sensor/NoiseSensor.o (BSP_Mic_AKU340_Connect)
./../Platform/BSP/debug/libBSP_efm32_debug.a(BSP_SDCard.o)
                              ./../Platform/BSP/debug/libBSP_efm32_debug.a(BSP_IrqHandler.o) (SDCard_SPIRxISR)
./../Platform/BSP/debug/libBSP_efm32_debug.a(BSP_SensorNode.o)
                              ./../Platform/BSP/debug/libBSP_efm32_debug.a(BSP_IrqHandler.o) (SensorNode_I2CISR)
./../Platform/BSP/debug/libBSP_efm32_debug.a(BSP_USB.o)
                              ./../Platform/BSP/debug/libBSP_efm32_debug.a(BSP_Board.o) (USB_init)
./../Platform/BSP/debug/libBSP_efm32_debug.a(BSP_WiFi_cc3100mod.o)
                              ./../Platform/BSP/debug/libBSP_efm32_debug.a(BSP_IrqHandler.o) (WiFi_CC3100MOD_SPIRxISR)
./../Platform/BSP/debug/libBSP_efm32_debug.a(BSP_BT_EM9301.o)
                              ./../Platform/BSP/debug/libBSP_efm32_debug.a(BSP_IrqHandler.o) (BT_EM9301_UART_TxISR)
./../Libraries/FreeRTOS/debug/libFreeRTOS_efm32_debug.a(queue.o)
                              /Users/tianyigao/XDK-Workspace/Coap/debug/objects/source/AdcCentral.o (xQueueGenericCreate)
./../Libraries/FreeRTOS/debug/libFreeRTOS_efm32_debug.a(tasks.o)
                              /Users/tianyigao/XDK-Workspace/Coap/debug/objects/source/Connectivity/BLE/GridEyeService.o (vTaskDelayUntil)
./../Libraries/FreeRTOS/debug/libFreeRTOS_efm32_debug.a(timers.o)
                              ./../Libraries/FreeRTOS/debug/libFreeRTOS_efm32_debug.a(tasks.o) (xTimerCreateTimerTask)
./../Libraries/FreeRTOS/debug/libFreeRTOS_efm32_debug.a(heap_4.o)
                              ./../Libraries/FreeRTOS/debug/libFreeRTOS_efm32_debug.a(queue.o) (pvPortMalloc)
./../Libraries/FreeRTOS/debug/libFreeRTOS_efm32_debug.a(port.o)
                              ./../Libraries/FreeRTOS/debug/libFreeRTOS_efm32_debug.a(tasks.o) (pxPortInitialiseStack)
./../Libraries/FreeRTOS/debug/libFreeRTOS_efm32_debug.a(list.o)
                              ./../Libraries/FreeRTOS/debug/libFreeRTOS_efm32_debug.a(queue.o) (vListInitialise)
./../Libraries/EMlib/debug/libEMLib_efm32_debug.a(em_adc.o)
                              ./../Platform/BSP/debug/libBSP_efm32_debug.a(BSP_Adc.o) (ADC_Init)
./../Libraries/EMlib/debug/libEMLib_efm32_debug.a(em_cmu.o)
                              ./../Platform/BSP/debug/libBSP_efm32_debug.a(BSP_Board.o) (CMU_ClockDivSet)
./../Libraries/EMlib/debug/libEMLib_efm32_debug.a(em_dma.o)
                              /Users/tianyigao/XDK-Workspace/Coap/debug/objects/source/Adc/Mcu_Adc.o (DMA_ActivateBasic)
./../Libraries/EMlib/debug/libEMLib_efm32_debug.a(em_emu.o)
                              ./../Libraries/EMlib/debug/libEMLib_efm32_debug.a(em_cmu.o) (EMU_UpdateOscConfig)
./../Libraries/EMlib/debug/libEMLib_efm32_debug.a(em_gpio.o)
                              ./../Platform/BSP/debug/libBSP_efm32_debug.a(BSP_Board.o) (GPIO_DriveModeSet)
./../Libraries/EMlib/debug/libEMLib_efm32_debug.a(em_i2c.o)
                              ./../Platform/BSP/debug/libBSP_efm32_debug.a(BSP_ExtensionPort.o) (I2C_Enable)
./../Libraries/EMlib/debug/libEMLib_efm32_debug.a(em_int.o)
                              /Users/tianyigao/XDK-Workspace/Coap/debug/objects/./../Libraries/EMlib/3rd-party/EMLib/usb/src/em_usbdint.o (INT_LockCnt)
./../Libraries/EMlib/debug/libEMLib_efm32_debug.a(em_msc.o)
[...]
Memory Configuration

Name             Origin             Length             Attributes
FLASH            0x0000000000020200 0x00000000000dfe00 xr
RAM              0x0000000020000000 0x000000000001fffc xrw
COMMONRAM        0x000000002001fffc 0x0000000000000004 xrw
*default*        0x0000000000000000 0xffffffffffffffff

Linker script and memory map

LOAD /Applications/XDK.app/Contents/Eclipse/armGCC/bin/../lib/gcc/arm-none-eabi/4.7.4/armv7-m/crti.o
LOAD /Applications/XDK.app/Contents/Eclipse/armGCC/bin/../lib/gcc/arm-none-eabi/4.7.4/armv7-m/crtbegin.o
LOAD /Applications/XDK.app/Contents/Eclipse/armGCC/bin/../lib/gcc/arm-none-eabi/4.7.4/../../../../arm-none-eabi/lib/armv7-m/crt0.o
LOAD /Users/tianyigao/XDK-Workspace/Coap/debug/objects/source/AdcCentral.o
LOAD /Users/tianyigao/XDK-Workspace/Coap/debug/objects/source/Assert.o
LOAD /Users/tianyigao/XDK-Workspace/Coap/debug/objects/source/BatteryMonitor.o
LOAD /Users/tianyigao/XDK-Workspace/Coap/debug/objects/source/ExtensionPortSpi.o
LOAD /Users/tianyigao/XDK-Workspace/Coap/debug/objects/source/FaultHandler.o
LOAD /Users/tianyigao/XDK-Workspace/Coap/debug/objects/source/RetargetStdio.o
LOAD /Users/tianyigao/XDK-Workspace/Coap/debug/objects/source/SystemStartup.o
LOAD /Users/tianyigao/XDK-Workspace/Coap/debug/objects/source/UsbResetUtility.o
LOAD /Users/tianyigao/XDK-Workspace/Coap/debug/objects/source/XdkVersion.o
LOAD /Users/tianyigao/XDK-Workspace/Coap/debug/objects/source/cJSON.o
LOAD /Users/tianyigao/XDK-Workspace/Coap/debug/objects/legacy/source/NetworkConfig.o
LOAD /Users/tianyigao/XDK-Workspace/Coap/debug/objects/legacy/source/ServalPAL_WiFi.o
LOAD /Users/tianyigao/XDK-Workspace/Coap/debug/objects/legacy/source/WlanConnect.o
LOAD /Users/tianyigao/XDK-Workspace/Coap/debug/objects/source/Adc/Mcu_Adc.o
LOAD /Users/tianyigao/XDK-Workspace/Coap/debug/objects/source/Connectivity/HTTPRestClient.o
LOAD /Users/tianyigao/XDK-Workspace/Coap/debug/objects/source/Connectivity/HTTPRestClientSecurity.o
LOAD /Users/tianyigao/XDK-Workspace/Coap/debug/objects/source/Connectivity/LED.o
LOAD /Users/tianyigao/XDK-Workspace/Coap/debug/objects/source/Connectivity/Lora.o
LOAD /Users/tianyigao/XDK-Workspace/Coap/debug/objects/source/Connectivity/MQTT.o
LOAD /Users/tianyigao/XDK-Workspace/Coap/debug/objects/source/Connectivity/UDP.o
LOAD /Users/tianyigao/XDK-Workspace/Coap/debug/objects/source/Connectivity/WLAN.o
LOAD /Users/tianyigao/XDK-Workspace/Coap/debug/objects/source/Connectivity/WLANHostPgm.o
LOAD /Users/tianyigao/XDK-Workspace/Coap/debug/objects/source/Sensor/Button.o
LOAD /Users/tianyigao/XDK-Workspace/Coap/debug/objects/source/Sensor/ExternalSensor.o
LOAD /Users/tianyigao/XDK-Workspace/Coap/debug/objects/source/Sensor/Lem.o
LOAD /Users/tianyigao/XDK-Workspace/Coap/debug/objects/source/Sensor/NoiseSensor.o
LOAD /Users/tianyigao/XDK-Workspace/Coap/debug/objects/source/Sensor/Sensor.o
LOAD /Users/tianyigao/XDK-Workspace/Coap/debug/objects/source/Sensor/SensorHandle.o
LOAD /Users/tianyigao/XDK-Workspace/Coap/debug/objects/source/Sensor/VirtualSensor.o
LOAD /Users/tianyigao/XDK-Workspace/Coap/debug/objects/source/Utility/CayenneLPPSerializer.o
LOAD /Users/tianyigao/XDK-Workspace/Coap/debug/objects/source/Utility/FOTA.o
LOAD /Users/tianyigao/XDK-Workspace/Coap/debug/objects/source/Utility/PPMPSerializer.o
LOAD /Users/tianyigao/XDK-Workspace/Coap/debug/objects/source/Utility/SNTP.o
LOAD /Users/tianyigao/XDK-Workspace/Coap/debug/objects/source/Utility/ServalPAL.o
LOAD /Users/tianyigao/XDK-Workspace/Coap/debug/objects/source/Utility/Storage.o
LOAD /Users/tianyigao/XDK-Workspace/Coap/debug/objects/source/Utility/TimeStamp.o
LOAD /Users/tianyigao/XDK-Workspace/Coap/debug/objects/source/Utility/Utils.o
LOAD /Users/tianyigao/XDK-Workspace/Coap/debug/objects/source/Utility/WifiStorage.o
LOAD /Users/tianyigao/XDK-Workspace/Coap/debug/objects/source/Connectivity/BLE/BLE.o
LOAD /Users/tianyigao/XDK-Workspace/Coap/debug/objects/source/Connectivity/BLE/BleDeviceInfoService.o
LOAD /Users/tianyigao/XDK-Workspace/Coap/debug/objects/source/Connectivity/BLE/GridEyeService.o
LOAD /Users/tianyigao/XDK-Workspace/Coap/debug/objects/source/Connectivity/BLE/SensorServices.o
LOAD /Users/tianyigao/XDK-Workspace/Coap/debug/objects/source/Private/ServalStack/src/TLS_MbedTLS/MbedTLS_Adapter.o
LOAD /Users/tianyigao/XDK-Workspace/Coap/debug/objects/source/Private/ServalStack/src/TLS_MbedTLS/MbedTLS_Connection.o
LOAD /Users/tianyigao/XDK-Workspace/Coap/debug/objects/source/Private/ServalStack/src/TLS_MbedTLS/MbedTLS_Credentials.o
LOAD /Users/tianyigao/XDK-Workspace/Coap/debug/objects/source/Private/ServalStack/src/TLS_MbedTLS/MbedTLS_Dtls.o
LOAD /Users/tianyigao/XDK-Workspace/Coap/debug/objects/source/Private/ServalStack/src/TLS_MbedTLS/MbedTLS_DtlsClient.o
LOAD /Users/tianyigao/XDK-Workspace/Coap/debug/objects/source/Private/ServalStack/src/TLS_MbedTLS/MbedTLS_DtlsServer.o
LOAD /Users/tianyigao/XDK-Workspace/Coap/debug/objects/source/Private/ServalStack/src/TLS_MbedTLS/MbedTLS_Flags.o
LOAD /Users/tianyigao/XDK-Workspace/Coap/debug/objects/source/Private/ServalStack/src/TLS_MbedTLS/MbedTLS_Socket.o
LOAD /Users/tianyigao/XDK-Workspace/Coap/debug/objects/source/Private/ServalStack/src/TLS_MbedTLS/MbedTLS_Tls.o
LOAD /Users/tianyigao/XDK-Workspace/Coap/debug/objects/source/Private/ServalStack/src/TLS_MbedTLS/MbedTLS_TlsAdapter.o
LOAD /Users/tianyigao/XDK-Workspace/Coap/debug/objects/./../Libraries/EMlib/3rd-party/EMLib/usb/src/em_usbdint.o
LOAD /Users/tianyigao/XDK-Workspace/Coap/debug/objects/AppController.o
LOAD /Users/tianyigao/XDK-Workspace/Coap/debug/objects/Main.o
LOAD /Users/tianyigao/XDK-Workspace/Coap/debug/objects/startup_efm32gg.o
START GROUP
LOAD ./../Platform/BSP/debug/libBSP_efm32_debug.a
LOAD ./../Libraries/FreeRTOS/debug/libFreeRTOS_efm32_debug.a
LOAD ./../Libraries/EMlib/debug/libEMLib_efm32_debug.a
LOAD ./../Libraries/WiFi/debug/libWiFi_efm32_debug.a
LOAD ./../Libraries/ServalStack/debug/libServalStack_efm32_debug.a
LOAD ./../Platform/LoRaDrivers/release/libLoRaDrivers_efm32.a
LOAD ./../Platform/Essentials/release/libEssentials_efm32.a
LOAD ./../Platform/Utils/release/libUtils_efm32.a
LOAD ./../Platform/Drivers/release/libDrivers_efm32.a
LOAD ./../Platform/FOTA/release/libFOTA_efm32.a
LOAD ./../Platform/Wlan/release/libWlan_efm32.a
LOAD ./../Platform/BLE/release/libBLE_efm32.a
LOAD ./../Platform/ServalPAL/release/libServalPal_efm32.a
LOAD ./../Platform/SensorToolbox/release/libSensorToolbox_efm32.a
LOAD ./../Libraries/BLEStack/3rd-party/Alpwise/ALPW-BLESDKCM3/BLESW_ALPWDataExchange/Libraries/BLESW_ALPWDEP_Client_CM3.a
LOAD ./../Libraries/BLEStack/3rd-party/Alpwise/ALPW-BLESDKCM3/BLESW_ALPWDataExchange/Libraries/BLESW_ALPWDEP_Server_CM3.a
LOAD ./../Libraries/BLEStack/3rd-party/Alpwise/ALPW-BLESDKCM3/BLESW_AlertNotification/Libraries/BLESW_ANP_Client_CM3.a
LOAD ./../Libraries/BLEStack/3rd-party/Alpwise/ALPW-BLESDKCM3/BLESW_AlertNotification/Libraries/BLESW_ANP_Server_CM3.a
LOAD ./../Libraries/BLEStack/3rd-party/Alpwise/ALPW-BLESDKCM3/BLESW_AppleNotificationCenter/Libraries/BLESW_ANCP_Consumer_CM3.a
LOAD ./../Libraries/BLEStack/3rd-party/Alpwise/ALPW-BLESDKCM3/BLESW_BloodPressure/Libraries/BLESW_BLP_Collector_CM3.a
LOAD ./../Libraries/BLEStack/3rd-party/Alpwise/ALPW-BLESDKCM3/BLESW_BloodPressure/Libraries/BLESW_BLP_Sensor_CM3.a
LOAD ./../Libraries/BLEStack/3rd-party/Alpwise/ALPW-BLESDKCM3/BLESW_CoreStack/Libraries/BLESW_ALPWDES_CM3.a
LOAD ./../Libraries/BLEStack/3rd-party/Alpwise/ALPW-BLESDKCM3/BLESW_CoreStack/Libraries/BLESW_ANS_CM3.a
LOAD ./../Libraries/BLEStack/3rd-party/Alpwise/ALPW-BLESDKCM3/BLESW_CoreStack/Libraries/BLESW_BAS_CM3.a
LOAD ./../Libraries/BLEStack/3rd-party/Alpwise/ALPW-BLESDKCM3/BLESW_CoreStack/Libraries/BLESW_BCS_CM3.a
LOAD ./../Libraries/BLEStack/3rd-party/Alpwise/ALPW-BLESDKCM3/BLESW_CoreStack/Libraries/BLESW_BLS_CM3.a
LOAD ./../Libraries/BLEStack/3rd-party/Alpwise/ALPW-BLESDKCM3/BLESW_CoreStack/Libraries/BLESW_CPS_CM3.a
LOAD ./../Libraries/BLEStack/3rd-party/Alpwise/ALPW-BLESDKCM3/BLESW_CoreStack/Libraries/BLESW_CSCS_CM3.a
LOAD ./../Libraries/BLEStack/3rd-party/Alpwise/ALPW-BLESDKCM3/BLESW_CoreStack/Libraries/BLESW_CTS_CM3.a
LOAD ./../Libraries/BLEStack/3rd-party/Alpwise/ALPW-BLESDKCM3/BLESW_CoreStack/Libraries/BLESW_CoreStack_CM3.a
LOAD ./../Libraries/BLEStack/3rd-party/Alpwise/ALPW-BLESDKCM3/BLESW_CoreStack/Libraries/BLESW_CoreStack_Monitor_CM3.a
LOAD ./../Libraries/BLEStack/3rd-party/Alpwise/ALPW-BLESDKCM3/BLESW_CoreStack/Libraries/BLESW_DIS_CM3.a
LOAD ./../Libraries/BLEStack/3rd-party/Alpwise/ALPW-BLESDKCM3/BLESW_CoreStack/Libraries/BLESW_GLS_CM3.a
LOAD ./../Libraries/BLEStack/3rd-party/Alpwise/ALPW-BLESDKCM3/BLESW_CoreStack/Libraries/BLESW_HIDS_CM3.a
LOAD ./../Libraries/BLEStack/3rd-party/Alpwise/ALPW-BLESDKCM3/BLESW_CoreStack/Libraries/BLESW_HRS_CM3.a
LOAD ./../Libraries/BLEStack/3rd-party/Alpwise/ALPW-BLESDKCM3/BLESW_CoreStack/Libraries/BLESW_HTS_CM3.a
LOAD ./../Libraries/BLEStack/3rd-party/Alpwise/ALPW-BLESDKCM3/BLESW_CoreStack/Libraries/BLESW_IAS_CM3.a
LOAD ./../Libraries/BLEStack/3rd-party/Alpwise/ALPW-BLESDKCM3/BLESW_CoreStack/Libraries/BLESW_LLS_CM3.a
LOAD ./../Libraries/BLEStack/3rd-party/Alpwise/ALPW-BLESDKCM3/BLESW_CoreStack/Libraries/BLESW_LNS_CM3.a
LOAD ./../Libraries/BLEStack/3rd-party/Alpwise/ALPW-BLESDKCM3/BLESW_CoreStack/Libraries/BLESW_NDCS_CM3.a
LOAD ./../Libraries/BLEStack/3rd-party/Alpwise/ALPW-BLESDKCM3/BLESW_CoreStack/Libraries/BLESW_NWAS_CM3.a
LOAD ./../Libraries/BLEStack/3rd-party/Alpwise/ALPW-BLESDKCM3/BLESW_CoreStack/Libraries/BLESW_PASS_CM3.a
LOAD ./../Libraries/BLEStack/3rd-party/Alpwise/ALPW-BLESDKCM3/BLESW_CoreStack/Libraries/BLESW_RSCS_CM3.a
LOAD ./../Libraries/BLEStack/3rd-party/Alpwise/ALPW-BLESDKCM3/BLESW_CoreStack/Libraries/BLESW_RTUS_CM3.a
LOAD ./../Libraries/BLEStack/3rd-party/Alpwise/ALPW-BLESDKCM3/BLESW_CoreStack/Libraries/BLESW_TPS_CM3.a
LOAD ./../Libraries/BLEStack/3rd-party/Alpwise/ALPW-BLESDKCM3/BLESW_CoreStack/Libraries/BLESW_UDS_CM3.a
LOAD ./../Libraries/BLEStack/3rd-party/Alpwise/ALPW-BLESDKCM3/BLESW_CoreStack/Libraries/BLESW_WSS_CM3.a
LOAD ./../Libraries/BLEStack/3rd-party/Alpwise/ALPW-BLESDKCM3/BLESW_CyclingPower/Libraries/BLESW_CPP_Collector_CM3.a
LOAD ./../Libraries/BLEStack/3rd-party/Alpwise/ALPW-BLESDKCM3/BLESW_CyclingPower/Libraries/BLESW_CPP_Sensor_CM3.a
LOAD ./../Libraries/BLEStack/3rd-party/Alpwise/ALPW-BLESDKCM3/BLESW_CyclingSpeedAndCadence/Libraries/BLESW_CSCP_Collector_CM3.a
LOAD ./../Libraries/BLEStack/3rd-party/Alpwise/ALPW-BLESDKCM3/BLESW_CyclingSpeedAndCadence/Libraries/BLESW_CSCP_Sensor_CM3.a
LOAD ./../Libraries/BLEStack/3rd-party/Alpwise/ALPW-BLESDKCM3/BLESW_FindMe/Libraries/BLESW_FMP_Locator_CM3.a
LOAD ./../Libraries/BLEStack/3rd-party/Alpwise/ALPW-BLESDKCM3/BLESW_FindMe/Libraries/BLESW_FMP_Target_CM3.a
LOAD ./../Libraries/BLEStack/3rd-party/Alpwise/ALPW-BLESDKCM3/BLESW_Glucose/Libraries/BLESW_GLP_Collector_CM3.a
LOAD ./../Libraries/BLEStack/3rd-party/Alpwise/ALPW-BLESDKCM3/BLESW_Glucose/Libraries/BLESW_GLP_Sensor_CM3.a
LOAD ./../Libraries/BLEStack/3rd-party/Alpwise/ALPW-BLESDKCM3/BLESW_HealthThermometer/Libraries/BLESW_HTP_Collector_CM3.a
LOAD ./../Libraries/BLEStack/3rd-party/Alpwise/ALPW-BLESDKCM3/BLESW_HealthThermometer/Libraries/BLESW_HTP_Thermometer_CM3.a
LOAD ./../Libraries/BLEStack/3rd-party/Alpwise/ALPW-BLESDKCM3/BLESW_HeartRate/Libraries/BLESW_HRP_Collector_CM3.a
LOAD ./../Libraries/BLEStack/3rd-party/Alpwise/ALPW-BLESDKCM3/BLESW_HeartRate/Libraries/BLESW_HRP_Sensor_CM3.a
LOAD ./../Libraries/BLEStack/3rd-party/Alpwise/ALPW-BLESDKCM3/BLESW_HumanInterfaceDevice/Libraries/BLESW_HID_Device_CM3.a
LOAD ./../Libraries/BLEStack/3rd-party/Alpwise/ALPW-BLESDKCM3/BLESW_HumanInterfaceDevice/Libraries/BLESW_HID_Host_CM3.a
LOAD ./../Libraries/BLEStack/3rd-party/Alpwise/ALPW-BLESDKCM3/BLESW_LocationAndNavigation/Libraries/BLESW_LNP_Collector_CM3.a
LOAD ./../Libraries/BLEStack/3rd-party/Alpwise/ALPW-BLESDKCM3/BLESW_LocationAndNavigation/Libraries/BLESW_LNP_Sensor_CM3.a
LOAD ./../Libraries/BLEStack/3rd-party/Alpwise/ALPW-BLESDKCM3/BLESW_NetworkAvailability/Libraries/BLESW_NWAP_Monitor_CM3.a
LOAD ./../Libraries/BLEStack/3rd-party/Alpwise/ALPW-BLESDKCM3/BLESW_NetworkAvailability/Libraries/BLESW_NWAP_Reporter_CM3.a
LOAD ./../Libraries/BLEStack/3rd-party/Alpwise/ALPW-BLESDKCM3/BLESW_PhoneAlertStatus/Libraries/BLESW_PASP_Client_CM3.a
LOAD ./../Libraries/BLEStack/3rd-party/Alpwise/ALPW-BLESDKCM3/BLESW_PhoneAlertStatus/Libraries/BLESW_PASP_Server_CM3.a
LOAD ./../Libraries/BLEStack/3rd-party/Alpwise/ALPW-BLESDKCM3/BLESW_Proximity/Libraries/BLESW_PXP_Monitor_CM3.a
LOAD ./../Libraries/BLEStack/3rd-party/Alpwise/ALPW-BLESDKCM3/BLESW_Proximity/Libraries/BLESW_PXP_Reporter_CM3.a
LOAD ./../Libraries/BLEStack/3rd-party/Alpwise/ALPW-BLESDKCM3/BLESW_RunningSpeedAndCadence/Libraries/BLESW_RSCP_Collector_CM3.a
LOAD ./../Libraries/BLEStack/3rd-party/Alpwise/ALPW-BLESDKCM3/BLESW_RunningSpeedAndCadence/Libraries/BLESW_RSCP_Sensor_CM3.a
LOAD ./../Libraries/BLEStack/3rd-party/Alpwise/ALPW-BLESDKCM3/BLESW_Time/Libraries/BLESW_TIP_Client_CM3.a
LOAD ./../Libraries/BLEStack/3rd-party/Alpwise/ALPW-BLESDKCM3/BLESW_Time/Libraries/BLESW_TIP_Server_CM3.a
LOAD ./../Libraries/BLEStack/3rd-party/Alpwise/ALPW-BLESDKCM3/BLESW_iBeacon/Libraries/BLESW_IBN_Reporter_CM3.a
LOAD ./../Libraries/EMlib/3rd-party/EMLib/CMSIS/Lib/GCC/libarm_cortexM3l_math.a
LOAD ./../Libraries/BSX/BSX4/Source/algo/algo_bsx/Lib/libalgobsxm3/libalgobsx.a
END GROUP
START GROUP
LOAD /Applications/XDK.app/Contents/Eclipse/armGCC/bin/../lib/gcc/arm-none-eabi/4.7.4/armv7-m/libgcc.a
LOAD /Applications/XDK.app/Contents/Eclipse/armGCC/bin/../lib/gcc/arm-none-eabi/4.7.4/../../../../arm-none-eabi/lib/armv7-m/libc.a
LOAD /Applications/XDK.app/Contents/Eclipse/armGCC/bin/../lib/gcc/arm-none-eabi/4.7.4/../../../../arm-none-eabi/lib/armv7-m/libm.a
END GROUP
START GROUP
LOAD /Applications/XDK.app/Contents/Eclipse/armGCC/bin/../lib/gcc/arm-none-eabi/4.7.4/armv7-m/libgcc.a
LOAD /Applications/XDK.app/Contents/Eclipse/armGCC/bin/../lib/gcc/arm-none-eabi/4.7.4/../../../../arm-none-eabi/lib/armv7-m/libc.a
END GROUP
LOAD /Applications/XDK.app/Contents/Eclipse/armGCC/bin/../lib/gcc/arm-none-eabi/4.7.4/armv7-m/crtend.o
LOAD /Applications/XDK.app/Contents/Eclipse/armGCC/bin/../lib/gcc/arm-none-eabi/4.7.4/armv7-m/crtn.o

.text           0x0000000000020200    0x28da4
 *(.isr_vector)
 .isr_vector    0x0000000000020200      0x100 /Users/tianyigao/XDK-Workspace/Coap/debug/objects/startup_efm32gg.o
                0x0000000000020200                __isr_vector
 *(.text*)
 .text          0x0000000000020300       0x54 /Applications/XDK.app/Contents/Eclipse/armGCC/bin/../lib/gcc/arm-none-eabi/4.7.4/armv7-m/crtbegin.o
 .text          0x0000000000020354       0x70 /Applications/XDK.app/Contents/Eclipse/armGCC/bin/../lib/gcc/arm-none-eabi/4.7.4/../../../../arm-none-eabi/lib/armv7-m/crt0.o
                0x0000000000020354                _mainCRTStartup
                0x0000000000020354                _start
                0x0000000000020354                start
 .text.Assert_Initialize
                0x00000000000203c4       0x40 /Users/tianyigao/XDK-Workspace/Coap/debug/objects/source/Assert.o
                0x00000000000203c4                Assert_Initialize
 .text.Assert_Dynamic
                0x0000000000020404       0x2c /Users/tianyigao/XDK-Workspace/Coap/debug/objects/source/Assert.o
                0x0000000000020404                Assert_Dynamic
 .text.HardFault_Handler
                0x0000000000020430       0x18 /Users/tianyigao/XDK-Workspace/Coap/debug/objects/source/FaultHandler.o
                0x0000000000020430                HardFault_Handler
 .text.UsageFault_Handler
                0x0000000000020448       0x18 /Users/tianyigao/XDK-Workspace/Coap/debug/objects/source/FaultHandler.o
                0x0000000000020448                UsageFault_Handler
 .text.BusFault_Handler
                0x0000000000020460       0x18 /Users/tianyigao/XDK-Workspace/Coap/debug/objects/source/FaultHandler.o
                0x0000000000020460                BusFault_Handler
 .text.MemManage_Handler
                0x0000000000020478       0x18 /Users/tianyigao/XDK-Workspace/Coap/debug/objects/source/FaultHandler.o
                0x0000000000020478                MemManage_Handler
 .text.Hard_Fault_Handler
                0x0000000000020490       0x18 /Users/tianyigao/XDK-Workspace/Coap/debug/objects/source/FaultHandler.o
                0x0000000000020490                Hard_Fault_Handler
 .text.Usage_Fault_Handler
                0x00000000000204a8       0x18 /Users/tianyigao/XDK-Workspace/Coap/debug/objects/source/FaultHandler.o
                0x00000000000204a8                Usage_Fault_Handler
 .text.Bus_Fault_Handler
                0x00000000000204c0       0x18 /Users/tianyigao/XDK-Workspace/Coap/debug/objects/source/FaultHandler.o
                0x00000000000204c0                Bus_Fault_Handler
 .text.Mem_Fault_Handler
                0x00000000000204d8       0x18 /Users/tianyigao/XDK-Workspace/Coap/debug/objects/source/FaultHandler.o
                0x00000000000204d8                Mem_Fault_Handler
 .text.extractFaultInfo
                0x00000000000204f0      0x248 /Users/tianyigao/XDK-Workspace/Coap/debug/objects/source/FaultHandler.o
 .text._close   0x0000000000020738       0x18 /Users/tianyigao/XDK-Workspace/Coap/debug/objects/source/RetargetStdio.o
                0x0000000000020738                _close
 .text._exit    0x0000000000020750        0xc /Users/tianyigao/XDK-Workspace/Coap/debug/objects/source/RetargetStdio.o
                0x0000000000020750                _exit
 .text._fstat   0x000000000002075c       0x24 /Users/tianyigao/XDK-Workspace/Coap/debug/objects/source/RetargetStdio.o
                0x000000000002075c                _fstat
 .text._isatty  0x0000000000020780       0x18 /Users/tianyigao/XDK-Workspace/Coap/debug/objects/source/RetargetStdio.o
                0x0000000000020780                _isatty
 .text._lseek   0x0000000000020798       0x1c /Users/tianyigao/XDK-Workspace/Coap/debug/objects/source/RetargetStdio.o
                0x0000000000020798                _lseek
 .text._read    0x00000000000207b4       0x70 /Users/tianyigao/XDK-Workspace/Coap/debug/objects/source/RetargetStdio.o
                0x00000000000207b4                _read
 .text._sbrk    0x0000000000020824       0xa0 /Users/tianyigao/XDK-Workspace/Coap/debug/objects/source/RetargetStdio.o
                0x0000000000020824                _sbrk
 .text._write   0x00000000000208c4       0x20 /Users/tianyigao/XDK-Workspace/Coap/debug/objects/source/RetargetStdio.o
                0x00000000000208c4                _write
 .text.Retcode_GetPackage
                0x00000000000208e4       0x1c /Users/tianyigao/XDK-Workspace/Coap/debug/objects/source/SystemStartup.o
 .text.Retcode_GetModuleId
                0x0000000000020900       0x1c /Users/tianyigao/XDK-Workspace/Coap/debug/objects/source/SystemStartup.o
 .text.Retcode_GetSeverity
                0x000000000002091c       0x24 /Users/tianyigao/XDK-Workspace/Coap/debug/objects/source/SystemStartup.o
 .text.Retcode_GetCode
                0x0000000000020940       0x20 /Users/tianyigao/XDK-Workspace/Coap/debug/objects/source/SystemStartup.o
 .text.SysTickPreCallback
                0x0000000000020960       0x28 /Users/tianyigao/XDK-Workspace/Coap/debug/objects/source/SystemStartup.o
 .text.DefaultErrorHandlingFunc
                0x0000000000020988      0x4b4 /Users/tianyigao/XDK-Workspace/Coap/debug/objects/source/SystemStartup.o
                0x0000000000020988                DefaultErrorHandlingFunc
 .text.assertIndicationMapping
                0x0000000000020e3c       0x48 /Users/tianyigao/XDK-Workspace/Coap/debug/objects/source/SystemStartup.o
                0x0000000000020e3c                assertIndicationMapping
 .text.systemStartup
                0x0000000000020e84      0x1a0 /Users/tianyigao/XDK-Workspace/Coap/debug/objects/source/SystemStartup.o
                0x0000000000020e84                systemStartup
 .text.vApplicationStackOverflowHook
                0x0000000000021024       0x70 /Users/tianyigao/XDK-Workspace/Coap/debug/objects/source/SystemStartup.o
                0x0000000000021024                vApplicationStackOverflowHook
 .text.vApplicationMallocFailedHook
                0x0000000000021094       0x14 /Users/tianyigao/XDK-Workspace/Coap/debug/objects/source/SystemStartup.o
                0x0000000000021094                vApplicationMallocFailedHook
 .text.vApplicationIdleHook
                0x00000000000210a8       0x14 /Users/tianyigao/XDK-Workspace/Coap/debug/objects/source/SystemStartup.o
                0x00000000000210a8                vApplicationIdleHook
 .text.NVIC_SystemReset
                0x00000000000210bc       0x30 /Users/tianyigao/XDK-Workspace/Coap/debug/objects/source/UsbResetUtility.o
 .text.UsbResetUtilitySystemReset
                0x00000000000210ec       0x10 /Users/tianyigao/XDK-Workspace/Coap/debug/objects/source/UsbResetUtility.o
 .text.UsbResetUtility_InteruptHandling
                0x00000000000210fc       0xf0 /Users/tianyigao/XDK-Workspace/Coap/debug/objects/source/UsbResetUtility.o
 .text.UsbResetUtility_Init
                0x00000000000211ec       0x5c /Users/tianyigao/XDK-Workspace/Coap/debug/objects/source/UsbResetUtility.o
                0x00000000000211ec                UsbResetUtility_Init
 .text.UsbResetUtilityISRCallback
                0x0000000000021248       0xc4 /Users/tianyigao/XDK-Workspace/Coap/debug/objects/source/UsbResetUtility.o
                0x0000000000021248                UsbResetUtilityISRCallback
 .text.NetworkConfig_GetIpStatus
                0x000000000002130c       0x10 /Users/tianyigao/XDK-Workspace/Coap/debug/objects/legacy/source/NetworkConfig.o
                0x000000000002130c                NetworkConfig_GetIpStatus
 .text.NetworkConfig_GetIpSettings
                0x000000000002131c       0x1c /Users/tianyigao/XDK-Workspace/Coap/debug/objects/legacy/source/NetworkConfig.o
                0x000000000002131c                NetworkConfig_GetIpSettings
 .text.NetworkConfig_SetIpDhcp
                0x0000000000021338       0x1c /Users/tianyigao/XDK-Workspace/Coap/debug/objects/legacy/source/NetworkConfig.o
                0x0000000000021338                NetworkConfig_SetIpDhcp
 .text.NetworkConfig_Ipv4Byte
                0x0000000000021354       0x28 /Users/tianyigao/XDK-Workspace/Coap/debug/objects/legacy/source/NetworkConfig.o
                0x0000000000021354                NetworkConfig_Ipv4Byte
 .text.WlanConnectcallBack
                0x000000000002137c       0x20 /Users/tianyigao/XDK-Workspace/Coap/debug/objects/legacy/source/WlanConnect.o
 .text.connectNonBlockingCall
                0x000000000002139c      0x194 /Users/tianyigao/XDK-Workspace/Coap/debug/objects/legacy/source/WlanConnect.o
 .text.connectBlockingCall
                0x0000000000021530       0xcc /Users/tianyigao/XDK-Workspace/Coap/debug/objects/legacy/source/WlanConnect.o
 .text.WlanConnect_GetStatus
                0x00000000000215fc       0x10 /Users/tianyigao/XDK-Workspace/Coap/debug/objects/legacy/source/WlanConnect.o
                0x00000000000215fc                WlanConnect_GetStatus
 .text.WlanConnect_GetInitStatus
                0x000000000002160c       0x10 /Users/tianyigao/XDK-Workspace/Coap/debug/objects/legacy/source/WlanConnect.o
                0x000000000002160c                WlanConnect_GetInitStatus
 .text.WlanConnect_Init
                0x000000000002161c       0x18 /Users/tianyigao/XDK-Workspace/Coap/debug/objects/legacy/source/WlanConnect.o
                0x000000000002161c                WlanConnect_Init
 .text.NonBlockingTimer
                0x0000000000021634       0xa0 /Users/tianyigao/XDK-Workspace/Coap/debug/objects/legacy/source/WlanConnect.o
 .text.WlanConnect_WPA
                0x00000000000216d4       0xd8 /Users/tianyigao/XDK-Workspace/Coap/debug/objects/legacy/source/WlanConnect.o
                0x00000000000216d4                WlanConnect_WPA
 .text.PrintMessage
                0x00000000000217ac       0x7c /Users/tianyigao/XDK-Workspace/Coap/debug/objects/source/Utility/ServalPAL.o
 .text.LogWrite
                0x0000000000021828       0x24 /Users/tianyigao/XDK-Workspace/Coap/debug/objects/source/Utility/ServalPAL.o
 .text.LogWriteLen
                0x000000000002184c       0x1c /Users/tianyigao/XDK-Workspace/Coap/debug/objects/source/Utility/ServalPAL.o
 .text.ServalPAL_PrintAppender
                0x0000000000021868       0x38 /Users/tianyigao/XDK-Workspace/Coap/debug/objects/source/Utility/ServalPAL.o
 .text.ServalPAL_Setup
                0x00000000000218a0       0x6c /Users/tianyigao/XDK-Workspace/Coap/debug/objects/source/Utility/ServalPAL.o
                0x00000000000218a0                ServalPAL_Setup
 .text.ServalPAL_Enable
                0x000000000002190c       0x28 /Users/tianyigao/XDK-Workspace/Coap/debug/objects/source/Utility/ServalPAL.o
                0x000000000002190c                ServalPAL_Enable
 .text.INT_Disable
                0x0000000000021934       0x40 /Users/tianyigao/XDK-Workspace/Coap/debug/objects/./../Libraries/EMlib/3rd-party/EMLib/usb/src/em_usbdint.o
 .text.INT_Enable
                0x0000000000021974       0x54 /Users/tianyigao/XDK-Workspace/Coap/debug/objects/./../Libraries/EMlib/3rd-party/EMLib/usb/src/em_usbdint.o
 .text.USBHAL_FlushTxFifo
                0x00000000000219c8       0x4c /Users/tianyigao/XDK-Workspace/Coap/debug/objects/./../Libraries/EMlib/3rd-party/EMLib/usb/src/em_usbdint.o
 .text.USBHAL_GetCoreInts
                0x0000000000021a14       0x40 /Users/tianyigao/XDK-Workspace/Coap/debug/objects/./../Libraries/EMlib/3rd-party/EMLib/usb/src/em_usbdint.o
 .text.USBDHAL_EnableInts
                0x0000000000021a54       0x70 /Users/tianyigao/XDK-Workspace/Coap/debug/objects/./../Libraries/EMlib/3rd-party/EMLib/usb/src/em_usbdint.o
 .text.USBDHAL_Ep0Activate
                0x0000000000021ac4       0x70 /Users/tianyigao/XDK-Workspace/Coap/debug/objects/./../Libraries/EMlib/3rd-party/EMLib/usb/src/em_usbdint.o
 .text.USBDHAL_GetAllInEpInts
                0x0000000000021b34       0x48 /Users/tianyigao/XDK-Workspace/Coap/debug/objects/./../Libraries/EMlib/3rd-party/EMLib/usb/src/em_usbdint.o
 .text.USBDHAL_GetAllOutEpInts
                0x0000000000021b7c       0x44 /Users/tianyigao/XDK-Workspace/Coap/debug/objects/./../Libraries/EMlib/3rd-party/EMLib/usb/src/em_usbdint.o
 .text.USBDHAL_GetInEpInts
                0x0000000000021bc0       0x44 /Users/tianyigao/XDK-Workspace/Coap/debug/objects/./../Libraries/EMlib/3rd-party/EMLib/usb/src/em_usbdint.o
 .text.USBDHAL_GetOutEpInts
                0x0000000000021c04       0x44 /Users/tianyigao/XDK-Workspace/Coap/debug/objects/./../Libraries/EMlib/3rd-party/EMLib/usb/src/em_usbdint.o
 .text.USBDHAL_StartEp0Setup
                0x0000000000021c48       0x88 /Users/tianyigao/XDK-Workspace/Coap/debug/objects/./../Libraries/EMlib/3rd-party/EMLib/usb/src/em_usbdint.o
 .text.USBD_GetEpFromAddr
                0x0000000000021cd0       0xa0 /Users/tianyigao/XDK-Workspace/Coap/debug/objects/./../Libraries/EMlib/3rd-party/EMLib/usb/src/em_usbdint.o
 .text.USB_IRQHandler
                0x0000000000021d70      0x16c /Users/tianyigao/XDK-Workspace/Coap/debug/objects/./../Libraries/EMlib/3rd-party/EMLib/usb/src/em_usbdint.o
                0x0000000000021d70                USB_IRQHandler
 .text.Handle_USB_GINTSTS_ENUMDONE
                0x0000000000021edc       0x3c /Users/tianyigao/XDK-Workspace/Coap/debug/objects/./../Libraries/EMlib/3rd-party/EMLib/usb/src/em_usbdint.o
 .text.Handle_USB_GINTSTS_IEPINT
                0x0000000000021f18      0x118 /Users/tianyigao/XDK-Workspace/Coap/debug/objects/./../Libraries/EMlib/3rd-party/EMLib/usb/src/em_usbdint.o
 .text.Handle_USB_GINTSTS_OEPINT
                0x0000000000022030      0x230 /Users/tianyigao/XDK-Workspace/Coap/debug/objects/./../Libraries/EMlib/3rd-party/EMLib/usb/src/em_usbdint.o
 .text.Handle_USB_GINTSTS_RESETDET
                0x0000000000022260       0x40 /Users/tianyigao/XDK-Workspace/Coap/debug/objects/./../Libraries/EMlib/3rd-party/EMLib/usb/src/em_usbdint.o
 .text.Handle_USB_GINTSTS_SOF
                0x00000000000222a0       0x64 /Users/tianyigao/XDK-Workspace/Coap/debug/objects/./../Libraries/EMlib/3rd-party/EMLib/usb/src/em_usbdint.o
 .text.Handle_USB_GINTSTS_USBRST
                0x0000000000022304      0x150 /Users/tianyigao/XDK-Workspace/Coap/debug/objects/./../Libraries/EMlib/3rd-party/EMLib/usb/src/em_usbdint.o
 .text.Handle_USB_GINTSTS_USBSUSP
                0x0000000000022454       0x68 /Users/tianyigao/XDK-Workspace/Coap/debug/objects/./../Libraries/EMlib/3rd-party/EMLib/usb/src/em_usbdint.o
 .text.Handle_USB_GINTSTS_WKUPINT
                0x00000000000224bc       0x30 /Users/tianyigao/XDK-Workspace/Coap/debug/objects/./../Libraries/EMlib/3rd-party/EMLib/usb/src/em_usbdint.o
 .text.networkSetup
                0x00000000000224ec       0x48 /Users/tianyigao/XDK-Workspace/Coap/debug/objects/AppController.o
                0x00000000000224ec                networkSetup
 .text.createCoapResponse
                0x0000000000022534      0x120 /Users/tianyigao/XDK-Workspace/Coap/debug/objects/AppController.o
                0x0000000000022534                createCoapResponse
 .text.sendingCallback
                0x0000000000022654       0x24 /Users/tianyigao/XDK-Workspace/Coap/debug/objects/AppController.o
                0x0000000000022654                sendingCallback
 .text.sendCoapResponse
                0x0000000000022678       0x4c /Users/tianyigao/XDK-Workspace/Coap/debug/objects/AppController.o
                0x0000000000022678                sendCoapResponse
 .text.parseCoapRequest
                0x00000000000226c4       0x54 /Users/tianyigao/XDK-Workspace/Coap/debug/objects/AppController.o
                0x00000000000226c4                parseCoapRequest
 .text.coapReceiveCallback
                0x0000000000022718       0x74 /Users/tianyigao/XDK-Workspace/Coap/debug/objects/AppController.o
                0x0000000000022718                coapReceiveCallback
 .text.AppControllerEnable
                0x000000000002278c       0xb0 /Users/tianyigao/XDK-Workspace/Coap/debug/objects/AppController.o
 .text.AppControllerSetup
                0x000000000002283c       0x84 /Users/tianyigao/XDK-Workspace/Coap/debug/objects/AppController.o
 .text.AppController_Init
                0x00000000000228c0       0x80 /Users/tianyigao/XDK-Workspace/Coap/debug/objects/AppController.o
                0x00000000000228c0                AppController_Init
 .text.main     0x0000000000022940       0xb0 /Users/tianyigao/XDK-Workspace/Coap/debug/objects/Main.o
                0x0000000000022940                main
 .text          0x00000000000229f0       0x98 /Users/tianyigao/XDK-Workspace/Coap/debug/objects/startup_efm32gg.o
                0x00000000000229f0                Reset_Handler
                0x0000000000022a24                Default_Handler
                0x0000000000022a26                NMI_Handler
                0x0000000000022a32                DebugMon_Handler
                0x0000000000022a3c                TIMER0_IRQHandler
                0x0000000000022a42                ACMP0_IRQHandler
                0x0000000000022a48                DAC0_IRQHandler
                0x0000000000022a50                TIMER1_IRQHandler
                0x0000000000022a52                TIMER2_IRQHandler
                0x0000000000022a54                TIMER3_IRQHandler
                0x0000000000022a5a                LESENSE_IRQHandler
                0x0000000000022a68                LEUART0_IRQHandler
                0x0000000000022a6a                LEUART1_IRQHandler
                0x0000000000022a6c                LETIMER0_IRQHandler
                0x0000000000022a6e                PCNT0_IRQHandler
                0x0000000000022a70                PCNT1_IRQHandler
                0x0000000000022a72                PCNT2_IRQHandler
                0x0000000000022a76                BURTC_IRQHandler
                0x0000000000022a78                CMU_IRQHandler
                0x0000000000022a7a                VCMP_IRQHandler
                0x0000000000022a7c                LCD_IRQHandler
                0x0000000000022a7e                MSC_IRQHandler
                0x0000000000022a80                AES_IRQHandler
                0x0000000000022a82                EBI_IRQHandler
                0x0000000000022a84                EMU_IRQHandler
 .text.BSP_Adc_HandlerIsr
                0x0000000000022a88        0xc ./../Platform/BSP/debug/libBSP_efm32_debug.a(BSP_Adc.o)
                0x0000000000022a88                BSP_Adc_HandlerIsr
 .text.NVIC_SetPriorityGrouping
                0x0000000000022a94       0x50 ./../Platform/BSP/debug/libBSP_efm32_debug.a(BSP_Board.o)
 .text.NVIC_EnableIRQ
                0x0000000000022ae4       0x38 ./../Platform/BSP/debug/libBSP_efm32_debug.a(BSP_Board.o)
 .text.NVIC_DisableIRQ
                0x0000000000022b1c       0x3c ./../Platform/BSP/debug/libBSP_efm32_debug.a(BSP_Board.o)
 .text.NVIC_ClearPendingIRQ
                0x0000000000022b58       0x3c ./../Platform/BSP/debug/libBSP_efm32_debug.a(BSP_Board.o)
 .text.NVIC_SetPriority
                0x0000000000022b94       0x5c ./../Platform/BSP/debug/libBSP_efm32_debug.a(BSP_Board.o)
 .text.NVIC_SystemReset
                0x0000000000022bf0       0x30 ./../Platform/BSP/debug/libBSP_efm32_debug.a(BSP_Board.o)
 .text.SysTick_Config
                0x0000000000022c20       0x64 ./../Platform/BSP/debug/libBSP_efm32_debug.a(BSP_Board.o)
 .text.CHIP_Init
                0x0000000000022c84       0x50 ./../Platform/BSP/debug/libBSP_efm32_debug.a(BSP_Board.o)
 .text.GPIO_PinOutClear
                0x0000000000022cd4       0x4c ./../Platform/BSP/debug/libBSP_efm32_debug.a(BSP_Board.o)
 .text.GPIO_PinOutSet
                0x0000000000022d20       0x4c ./../Platform/BSP/debug/libBSP_efm32_debug.a(BSP_Board.o)
 .text.INT_Disable
                0x0000000000022d6c       0x40 ./../Platform/BSP/debug/libBSP_efm32_debug.a(BSP_Board.o)
 .text.INT_Enable
                0x0000000000022dac       0x54 ./../Platform/BSP/debug/libBSP_efm32_debug.a(BSP_Board.o)
 .text.BSP_Board_OSTickInitialize
                0x0000000000022e00       0x2c ./../Platform/BSP/debug/libBSP_efm32_debug.a(BSP_Board.o)
                0x0000000000022e00                BSP_Board_OSTickInitialize
 .text.BSP_Board_Initialize
                0x0000000000022e2c      0x150 ./../Platform/BSP/debug/libBSP_efm32_debug.a(BSP_Board.o)
                0x0000000000022e2c                BSP_Board_Initialize
 .text.BSP_Board_Delay
                0x0000000000022f7c       0x30 ./../Platform/BSP/debug/libBSP_efm32_debug.a(BSP_Board.o)
                0x0000000000022f7c                BSP_Board_Delay
 .text.BSP_Board_SetOStoBSPDelayFunc
                0x0000000000022fac       0x20 ./../Platform/BSP/debug/libBSP_efm32_debug.a(BSP_Board.o)
                0x0000000000022fac                BSP_Board_SetOStoBSPDelayFunc
 .text.Board_GPIOInterruptInit
                0x0000000000022fcc       0x30 ./../Platform/BSP/debug/libBSP_efm32_debug.a(BSP_Board.o)
                0x0000000000022fcc                Board_GPIOInterruptInit
 .text.Board_GPIOInterruptRegisterCallback
                0x0000000000022ffc       0x38 ./../Platform/BSP/debug/libBSP_efm32_debug.a(BSP_Board.o)
                0x0000000000022ffc                Board_GPIOInterruptRegisterCallback
 .text.Board_GPIOInterruptDispatch
                0x0000000000023034       0x64 ./../Platform/BSP/debug/libBSP_efm32_debug.a(BSP_Board.o)
                0x0000000000023034                Board_GPIOInterruptDispatch
 .text.Board_UART0_UART_Init
                0x0000000000023098       0xcc ./../Platform/BSP/debug/libBSP_efm32_debug.a(BSP_Board.o)
                0x0000000000023098                Board_UART0_UART_Init
 .text.Board_UART1_UART_Init
                0x0000000000023164       0xcc ./../Platform/BSP/debug/libBSP_efm32_debug.a(BSP_Board.o)
                0x0000000000023164                Board_UART1_UART_Init
 .text.Board_USART0_SPI_Init
                0x0000000000023230       0xa8 ./../Platform/BSP/debug/libBSP_efm32_debug.a(BSP_Board.o)
                0x0000000000023230                Board_USART0_SPI_Init
 .text.Board_USART1_SPI_Init
                0x00000000000232d8       0x8c ./../Platform/BSP/debug/libBSP_efm32_debug.a(BSP_Board.o)
                0x00000000000232d8                Board_USART1_SPI_Init
 .text.Board_GPIO_Init
                0x0000000000023364       0x6c ./../Platform/BSP/debug/libBSP_efm32_debug.a(BSP_Board.o)
                0x0000000000023364                Board_GPIO_Init
 .text.Board_WakeupPowerSupply2V5
                0x00000000000233d0       0x50 ./../Platform/BSP/debug/libBSP_efm32_debug.a(BSP_Board.o)
                0x00000000000233d0                Board_WakeupPowerSupply2V5
 .text.Board_SnoozePowerSupply2V5
                0x0000000000023420       0x4c ./../Platform/BSP/debug/libBSP_efm32_debug.a(BSP_Board.o)
                0x0000000000023420                Board_SnoozePowerSupply2V5
 .text.PowerSupply2V5UpdateRegister
                0x000000000002346c      0x268 ./../Platform/BSP/debug/libBSP_efm32_debug.a(BSP_Board.o)
                0x000000000002346c                PowerSupply2V5UpdateRegister
 .text.Board_ADC_Init
                0x00000000000236d4       0x78 ./../Platform/BSP/debug/libBSP_efm32_debug.a(BSP_Board.o)
                0x00000000000236d4                Board_ADC_Init
 .text.Board_I2C0_Init
                0x000000000002374c       0x54 ./../Platform/BSP/debug/libBSP_efm32_debug.a(BSP_Board.o)
                0x000000000002374c                Board_I2C0_Init
 .text.Board_I2C1_Init
                0x00000000000237a0       0x54 ./../Platform/BSP/debug/libBSP_efm32_debug.a(BSP_Board.o)
                0x00000000000237a0                Board_I2C1_Init
 .text.Board_USB_Init
                0x00000000000237f4       0x70 ./../Platform/BSP/debug/libBSP_efm32_debug.a(BSP_Board.o)
                0x00000000000237f4                Board_USB_Init
 .text.Board_IncTick
                0x0000000000023864       0x24 ./../Platform/BSP/debug/libBSP_efm32_debug.a(BSP_Board.o)
                0x0000000000023864                Board_IncTick
 .text.Board_GetTick
                0x0000000000023888       0x18 ./../Platform/BSP/debug/libBSP_efm32_debug.a(BSP_Board.o)
                0x0000000000023888                Board_GetTick
 .text.Board_Delay
                0x00000000000238a0       0x30 ./../Platform/BSP/debug/libBSP_efm32_debug.a(BSP_Board.o)
                0x00000000000238a0                Board_Delay
 .text.Board_RTC_Init
                0x00000000000238d0       0xa0 ./../Platform/BSP/debug/libBSP_efm32_debug.a(BSP_Board.o)
                0x00000000000238d0                Board_RTC_Init
 .text.Board_BURTC_Init
                0x0000000000023970       0x28 ./../Platform/BSP/debug/libBSP_efm32_debug.a(BSP_Board.o)
                0x0000000000023970                Board_BURTC_Init
 .text.BSP_Board_EnableSysTick
                0x0000000000023998       0x38 ./../Platform/BSP/debug/libBSP_efm32_debug.a(BSP_Board.o)
                0x0000000000023998                BSP_Board_EnableSysTick
 .text.BSP_Board_SoftReset
                0x00000000000239d0        0xc ./../Platform/BSP/debug/libBSP_efm32_debug.a(BSP_Board.o)
                0x00000000000239d0                BSP_Board_SoftReset
 .text.NVIC_EnableIRQ
                0x00000000000239dc       0x38 ./../Platform/BSP/debug/libBSP_efm32_debug.a(BSP_DMA.o)
 .text.NVIC_ClearPendingIRQ
                0x0000000000023a14       0x3c ./../Platform/BSP/debug/libBSP_efm32_debug.a(BSP_DMA.o)
 .text.NVIC_SetPriority
                0x0000000000023a50       0x5c ./../Platform/BSP/debug/libBSP_efm32_debug.a(BSP_DMA.o)
 .text.BSP_DMA_Initialize
                0x0000000000023aac       0x88 ./../Platform/BSP/debug/libBSP_efm32_debug.a(BSP_DMA.o)
                0x0000000000023aac                BSP_DMA_Initialize
 .text.BSP_DMA_Enable
                0x0000000000023b34       0x54 ./../Platform/BSP/debug/libBSP_efm32_debug.a(BSP_DMA.o)
                0x0000000000023b34                BSP_DMA_Enable
 .text.BSP_ExtensionPort_I2cIsr
                0x0000000000023b88       0x5c ./../Platform/BSP/debug/libBSP_efm32_debug.a(BSP_ExtensionPort.o)
                0x0000000000023b88                BSP_ExtensionPort_I2cIsr
 .text.BSP_ExtensionPort_SpiRxIsr
                0x0000000000023be4       0x5c ./../Platform/BSP/debug/libBSP_efm32_debug.a(BSP_ExtensionPort.o)
                0x0000000000023be4                BSP_ExtensionPort_SpiRxIsr
 .text.BSP_ExtensionPort_SpiTxIsr
                0x0000000000023c40       0x5c ./../Platform/BSP/debug/libBSP_efm32_debug.a(BSP_ExtensionPort.o)
                0x0000000000023c40                BSP_ExtensionPort_SpiTxIsr
 .text.BSP_ExtensionPort_UARTRxIsr
                0x0000000000023c9c       0x5c ./../Platform/BSP/debug/libBSP_efm32_debug.a(BSP_ExtensionPort.o)
                0x0000000000023c9c                BSP_ExtensionPort_UARTRxIsr
 .text.BSP_ExtensionPort_UARTTxIsr
                0x0000000000023cf8       0x5c ./../Platform/BSP/debug/libBSP_efm32_debug.a(BSP_ExtensionPort.o)
                0x0000000000023cf8                BSP_ExtensionPort_UARTTxIsr
 .text.GPIO_IntClear
                0x0000000000023d54       0x20 ./../Platform/BSP/debug/libBSP_efm32_debug.a(BSP_IrqHandler.o)
 .text.GPIO_IntGetEnabled
                0x0000000000023d74       0x30 ./../Platform/BSP/debug/libBSP_efm32_debug.a(BSP_IrqHandler.o)
 .text.ADC0_IRQHandler
                0x0000000000023da4        0xc ./../Platform/BSP/debug/libBSP_efm32_debug.a(BSP_IrqHandler.o)
                0x0000000000023da4                ADC0_IRQHandler
 .text.SysTick_Handler
                0x0000000000023db0       0x40 ./../Platform/BSP/debug/libBSP_efm32_debug.a(BSP_IrqHandler.o)
                0x0000000000023db0                SysTick_Handler
 .text.GPIO_EVEN_IRQHandler
                0x0000000000023df0       0x28 ./../Platform/BSP/debug/libBSP_efm32_debug.a(BSP_IrqHandler.o)
                0x0000000000023df0                GPIO_EVEN_IRQHandler
 .text.GPIO_ODD_IRQHandler
                0x0000000000023e18       0x28 ./../Platform/BSP/debug/libBSP_efm32_debug.a(BSP_IrqHandler.o)
                0x0000000000023e18                GPIO_ODD_IRQHandler
 .text.UART0_TX_IRQHandler
                0x0000000000023e40        0xc ./../Platform/BSP/debug/libBSP_efm32_debug.a(BSP_IrqHandler.o)
                0x0000000000023e40                UART0_TX_IRQHandler
 .text.UART0_RX_IRQHandler
                0x0000000000023e4c        0xc ./../Platform/BSP/debug/libBSP_efm32_debug.a(BSP_IrqHandler.o)
                0x0000000000023e4c                UART0_RX_IRQHandler
 .text.USART0_TX_IRQHandler
                0x0000000000023e58        0xc ./../Platform/BSP/debug/libBSP_efm32_debug.a(BSP_IrqHandler.o)
                0x0000000000023e58                USART0_TX_IRQHandler
 .text.USART0_RX_IRQHandler
                0x0000000000023e64        0xc ./../Platform/BSP/debug/libBSP_efm32_debug.a(BSP_IrqHandler.o)
                0x0000000000023e64                USART0_RX_IRQHandler
 .text.I2C0_IRQHandler
                0x0000000000023e70        0xc ./../Platform/BSP/debug/libBSP_efm32_debug.a(BSP_IrqHandler.o)
                0x0000000000023e70                I2C0_IRQHandler
 .text.I2C1_IRQHandler
                0x0000000000023e7c        0xc ./../Platform/BSP/debug/libBSP_efm32_debug.a(BSP_IrqHandler.o)
                0x0000000000023e7c                I2C1_IRQHandler
 .text.USART2_TX_IRQHandler
                0x0000000000023e88        0xc ./../Platform/BSP/debug/libBSP_efm32_debug.a(BSP_IrqHandler.o)
                0x0000000000023e88                USART2_TX_IRQHandler
 .text.USART2_RX_IRQHandler
                0x0000000000023e94        0xc ./../Platform/BSP/debug/libBSP_efm32_debug.a(BSP_IrqHandler.o)
                0x0000000000023e94                USART2_RX_IRQHandler
 .text.UART1_TX_IRQHandler
                0x0000000000023ea0        0xc ./../Platform/BSP/debug/libBSP_efm32_debug.a(BSP_IrqHandler.o)
                0x0000000000023ea0                UART1_TX_IRQHandler
 .text.UART1_RX_IRQHandler
                0x0000000000023eac        0xc ./../Platform/BSP/debug/libBSP_efm32_debug.a(BSP_IrqHandler.o)
                0x0000000000023eac                UART1_RX_IRQHandler
 .text.USART1_TX_IRQHandler
                0x0000000000023eb8        0xc ./../Platform/BSP/debug/libBSP_efm32_debug.a(BSP_IrqHandler.o)
                0x0000000000023eb8                USART1_TX_IRQHandler
 .text.USART1_RX_IRQHandler
                0x0000000000023ec4        0xc ./../Platform/BSP/debug/libBSP_efm32_debug.a(BSP_IrqHandler.o)
                0x0000000000023ec4                USART1_RX_IRQHandler
 .text.RTC_IRQHandler
                0x0000000000023ed0        0xc ./../Platform/BSP/debug/libBSP_efm32_debug.a(BSP_IrqHandler.o)
                0x0000000000023ed0                RTC_IRQHandler
 .text.IrqHandler_SysTickDummyHandler
                0x0000000000023edc       0x10 ./../Platform/BSP/debug/libBSP_efm32_debug.a(BSP_IrqHandler.o)
                0x0000000000023edc                IrqHandler_SysTickDummyHandler
 .text.GPIO_PinOutClear
                0x0000000000023eec       0x4c ./../Platform/BSP/debug/libBSP_efm32_debug.a(BSP_LED.o)
 .text.GPIO_PinOutSet
                0x0000000000023f38       0x4c ./../Platform/BSP/debug/libBSP_efm32_debug.a(BSP_LED.o)
 .text.GPIO_PinOutToggle
                0x0000000000023f84       0x4c ./../Platform/BSP/debug/libBSP_efm32_debug.a(BSP_LED.o)
 .text.BSP_LED_Connect
                0x0000000000023fd0       0x48 ./../Platform/BSP/debug/libBSP_efm32_debug.a(BSP_LED.o)
                0x0000000000023fd0                BSP_LED_Connect
 .text.BSP_LED_EnableAll
                0x0000000000024018       0x3c ./../Platform/BSP/debug/libBSP_efm32_debug.a(BSP_LED.o)
                0x0000000000024018                BSP_LED_EnableAll
 .text.BSP_LED_Switch
                0x0000000000024054      0x15c ./../Platform/BSP/debug/libBSP_efm32_debug.a(BSP_LED.o)
                0x0000000000024054                BSP_LED_Switch
 .text.BSP_LED_SwitchAll
                0x00000000000241b0       0xd0 ./../Platform/BSP/debug/libBSP_efm32_debug.a(BSP_LED.o)
                0x00000000000241b0                BSP_LED_SwitchAll
 .text.SDCard_SPIRxISR
                0x0000000000024280       0x28 ./../Platform/BSP/debug/libBSP_efm32_debug.a(BSP_SDCard.o)
                0x0000000000024280                SDCard_SPIRxISR
 .text.SDCard_SPITxISR
                0x00000000000242a8       0x28 ./../Platform/BSP/debug/libBSP_efm32_debug.a(BSP_SDCard.o)
                0x00000000000242a8                SDCard_SPITxISR
 .text.SensorNode_I2CISR
                0x00000000000242d0       0x28 ./../Platform/BSP/debug/libBSP_efm32_debug.a(BSP_SensorNode.o)
                0x00000000000242d0                SensorNode_I2CISR
 .text.USB_setSerialNumber
                0x00000000000242f8       0x7c ./../Platform/BSP/debug/libBSP_efm32_debug.a(BSP_USB.o)
 .text.USB_dataReceivedCallback
                0x0000000000024374       0x74 ./../Platform/BSP/debug/libBSP_efm32_debug.a(BSP_USB.o)
 .text.USB_dataTransferred
                0x00000000000243e8       0x4c ./../Platform/BSP/debug/libBSP_efm32_debug.a(BSP_USB.o)
 .text.USB_stateChange
                0x0000000000024434       0x58 ./../Platform/BSP/debug/libBSP_efm32_debug.a(BSP_USB.o)
                0x0000000000024434                USB_stateChange
 .text.USB_setupCommand
                0x000000000002448c      0x108 ./../Platform/BSP/debug/libBSP_efm32_debug.a(BSP_USB.o)
                0x000000000002448c                USB_setupCommand
 .text.USB_init
                0x0000000000024594       0xd0 ./../Platform/BSP/debug/libBSP_efm32_debug.a(BSP_USB.o)
                0x0000000000024594                USB_init
 .text.USB_receiveByte
                0x0000000000024664       0xa0 ./../Platform/BSP/debug/libBSP_efm32_debug.a(BSP_USB.o)
                0x0000000000024664                USB_receiveByte
 .text.RETARGET_WriteChar
                0x0000000000024704       0x2c ./../Platform/BSP/debug/libBSP_efm32_debug.a(BSP_USB.o)
                0x0000000000024704                RETARGET_WriteChar
 .text.USB_transmitData
                0x0000000000024730       0xc4 ./../Platform/BSP/debug/libBSP_efm32_debug.a(BSP_USB.o)
                0x0000000000024730                USB_transmitData
 .text.RETARGET_ReadChar
                0x00000000000247f4       0x24 ./../Platform/BSP/debug/libBSP_efm32_debug.a(BSP_USB.o)
                0x00000000000247f4                RETARGET_ReadChar
 .text.USB_callBackMapping
                0x0000000000024818       0x38 ./../Platform/BSP/debug/libBSP_efm32_debug.a(BSP_USB.o)
                0x0000000000024818                USB_callBackMapping
 .text.NVIC_EnableIRQ
                0x0000000000024850       0x38 ./../Platform/BSP/debug/libBSP_efm32_debug.a(BSP_WiFi_cc3100mod.o)
 .text.NVIC_DisableIRQ
                0x0000000000024888       0x3c ./../Platform/BSP/debug/libBSP_efm32_debug.a(BSP_WiFi_cc3100mod.o)
 .text.NVIC_ClearPendingIRQ
                0x00000000000248c4       0x3c ./../Platform/BSP/debug/libBSP_efm32_debug.a(BSP_WiFi_cc3100mod.o)
 .text.NVIC_SetPriority
                0x0000000000024900       0x5c ./../Platform/BSP/debug/libBSP_efm32_debug.a(BSP_WiFi_cc3100mod.o)
 .text.GPIO_IntClear
                0x000000000002495c       0x20 ./../Platform/BSP/debug/libBSP_efm32_debug.a(BSP_WiFi_cc3100mod.o)
 .text.GPIO_IntDisable
                0x000000000002497c       0x34 ./../Platform/BSP/debug/libBSP_efm32_debug.a(BSP_WiFi_cc3100mod.o)
 .text.GPIO_IntEnable
                0x00000000000249b0       0x30 ./../Platform/BSP/debug/libBSP_efm32_debug.a(BSP_WiFi_cc3100mod.o)
 .text.GPIO_PinOutClear
                0x00000000000249e0       0x4c ./../Platform/BSP/debug/libBSP_efm32_debug.a(BSP_WiFi_cc3100mod.o)
 .text.GPIO_PinOutSet
                0x0000000000024a2c       0x4c ./../Platform/BSP/debug/libBSP_efm32_debug.a(BSP_WiFi_cc3100mod.o)
 .text.Board_GPIOInterruptUnregisterCallback
                0x0000000000024a78       0x20 ./../Platform/BSP/debug/libBSP_efm32_debug.a(BSP_WiFi_cc3100mod.o)
 .text.BSP_WiFi_CC3100MOD_Connect
                0x0000000000024a98      0x1e8 ./../Platform/BSP/debug/libBSP_efm32_debug.a(BSP_WiFi_cc3100mod.o)
                0x0000000000024a98                BSP_WiFi_CC3100MOD_Connect
 .text.BSP_WiFi_CC3100MOD_Enable
                0x0000000000024c80      0x1a4 ./../Platform/BSP/debug/libBSP_efm32_debug.a(BSP_WiFi_cc3100mod.o)
                0x0000000000024c80                BSP_WiFi_CC3100MOD_Enable
 .text.BSP_WiFi_CC3100MOD_Disable
                0x0000000000024e24       0xb0 ./../Platform/BSP/debug/libBSP_efm32_debug.a(BSP_WiFi_cc3100mod.o)
                0x0000000000024e24                BSP_WiFi_CC3100MOD_Disable
 .text.BSP_WiFi_CC3100MOD_Disconnect
                0x0000000000024ed4       0xdc ./../Platform/BSP/debug/libBSP_efm32_debug.a(BSP_WiFi_cc3100mod.o)
                0x0000000000024ed4                BSP_WiFi_CC3100MOD_Disconnect
 .text.BSP_WiFi_CC3100MOD_GetSPIHandle
                0x0000000000024fb0       0x14 ./../Platform/BSP/debug/libBSP_efm32_debug.a(BSP_WiFi_cc3100mod.o)
                0x0000000000024fb0                BSP_WiFi_CC3100MOD_GetSPIHandle
 .text.BSP_WiFi_CC3100MOD_SetCSLow
                0x0000000000024fc4       0x18 ./../Platform/BSP/debug/libBSP_efm32_debug.a(BSP_WiFi_cc3100mod.o)
                0x0000000000024fc4                BSP_WiFi_CC3100MOD_SetCSLow
 .text.BSP_WiFi_CC3100MOD_SetCSHigh
                0x0000000000024fdc       0x18 ./../Platform/BSP/debug/libBSP_efm32_debug.a(BSP_WiFi_cc3100mod.o)
                0x0000000000024fdc                BSP_WiFi_CC3100MOD_SetCSHigh
 .text.WiFi_CC3100MOD_SPIRxISR
                0x0000000000024ff4       0x28 ./../Platform/BSP/debug/libBSP_efm32_debug.a(BSP_WiFi_cc3100mod.o)
                0x0000000000024ff4                WiFi_CC3100MOD_SPIRxISR
 .text.WiFi_CC3100MOD_SPITxISR
                0x000000000002501c       0x28 ./../Platform/BSP/debug/libBSP_efm32_debug.a(BSP_WiFi_cc3100mod.o)
                0x000000000002501c                WiFi_CC3100MOD_SPITxISR
 .text.WiFi_CC3100MOD_SPI_RxDMAComplete
                0x0000000000025044       0x38 ./../Platform/BSP/debug/libBSP_efm32_debug.a(BSP_WiFi_cc3100mod.o)
                0x0000000000025044                WiFi_CC3100MOD_SPI_RxDMAComplete
 .text.WiFi_CC3100MOD_SPI_TxDMAComplete
                0x000000000002507c       0x38 ./../Platform/BSP/debug/libBSP_efm32_debug.a(BSP_WiFi_cc3100mod.o)
                0x000000000002507c                WiFi_CC3100MOD_SPI_TxDMAComplete
 .text.WiFi_INT_InterruptCallback
                0x00000000000250b4       0x14 ./../Platform/BSP/debug/libBSP_efm32_debug.a(BSP_WiFi_cc3100mod.o)
 .text.BT_EM9301_UART_TxISR
                0x00000000000250c8       0x28 ./../Platform/BSP/debug/libBSP_efm32_debug.a(BSP_BT_EM9301.o)
                0x00000000000250c8                BT_EM9301_UART_TxISR
 .text.BT_EM9301_UART_RxISR
                0x00000000000250f0       0x28 ./../Platform/BSP/debug/libBSP_efm32_debug.a(BSP_BT_EM9301.o)
                0x00000000000250f0                BT_EM9301_UART_RxISR
 .text.xQueueGenericReset
                0x0000000000025118       0xe0 ./../Libraries/FreeRTOS/debug/libFreeRTOS_efm32_debug.a(queue.o)
                0x0000000000025118                xQueueGenericReset
 .text.xQueueGenericCreate
                0x00000000000251f8       0x74 ./../Libraries/FreeRTOS/debug/libFreeRTOS_efm32_debug.a(queue.o)
                0x00000000000251f8                xQueueGenericCreate
 .text.prvInitialiseNewQueue
                0x000000000002526c       0x48 ./../Libraries/FreeRTOS/debug/libFreeRTOS_efm32_debug.a(queue.o)
 .text.prvInitialiseMutex
                0x00000000000252b4       0x40 ./../Libraries/FreeRTOS/debug/libFreeRTOS_efm32_debug.a(queue.o)
 .text.xQueueCreateMutex
                0x00000000000252f4       0x38 ./../Libraries/FreeRTOS/debug/libFreeRTOS_efm32_debug.a(queue.o)
                0x00000000000252f4                xQueueCreateMutex
 .text.xQueueGenericSend
                0x000000000002532c      0x220 ./../Libraries/FreeRTOS/debug/libFreeRTOS_efm32_debug.a(queue.o)
                0x000000000002532c                xQueueGenericSend
 .text.xQueueGenericSendFromISR
                0x000000000002554c      0x13c ./../Libraries/FreeRTOS/debug/libFreeRTOS_efm32_debug.a(queue.o)
                0x000000000002554c                xQueueGenericSendFromISR
 .text.xQueueGiveFromISR
                0x0000000000025688      0x130 ./../Libraries/FreeRTOS/debug/libFreeRTOS_efm32_debug.a(queue.o)
                0x0000000000025688                xQueueGiveFromISR
 .text.xQueueReceive
                0x00000000000257b8      0x1c4 ./../Libraries/FreeRTOS/debug/libFreeRTOS_efm32_debug.a(queue.o)
                0x00000000000257b8                xQueueReceive
 .text.xQueueSemaphoreTake
                0x000000000002597c      0x21c ./../Libraries/FreeRTOS/debug/libFreeRTOS_efm32_debug.a(queue.o)
                0x000000000002597c                xQueueSemaphoreTake
 .text.vQueueDelete
                0x0000000000025b98       0x38 ./../Libraries/FreeRTOS/debug/libFreeRTOS_efm32_debug.a(queue.o)
                0x0000000000025b98                vQueueDelete
 .text.prvGetDisinheritPriorityAfterTimeout
                0x0000000000025bd0       0x34 ./../Libraries/FreeRTOS/debug/libFreeRTOS_efm32_debug.a(queue.o)
 .text.prvCopyDataToQueue
                0x0000000000025c04       0xe8 ./../Libraries/FreeRTOS/debug/libFreeRTOS_efm32_debug.a(queue.o)
 .text.prvCopyDataFromQueue
                0x0000000000025cec       0x50 ./../Libraries/FreeRTOS/debug/libFreeRTOS_efm32_debug.a(queue.o)
 .text.prvUnlockQueue
                0x0000000000025d3c       0xcc ./../Libraries/FreeRTOS/debug/libFreeRTOS_efm32_debug.a(queue.o)
 .text.prvIsQueueEmpty
                0x0000000000025e08       0x34 ./../Libraries/FreeRTOS/debug/libFreeRTOS_efm32_debug.a(queue.o)
 .text.prvIsQueueFull
                0x0000000000025e3c       0x38 ./../Libraries/FreeRTOS/debug/libFreeRTOS_efm32_debug.a(queue.o)
 .text.vQueueAddToRegistry
                0x0000000000025e74       0x64 ./../Libraries/FreeRTOS/debug/libFreeRTOS_efm32_debug.a(queue.o)
                0x0000000000025e74                vQueueAddToRegistry
 .text.vQueueUnregisterQueue
                0x0000000000025ed8       0x6c ./../Libraries/FreeRTOS/debug/libFreeRTOS_efm32_debug.a(queue.o)
                0x0000000000025ed8                vQueueUnregisterQueue
 .text.vQueueWaitForMessageRestricted
                0x0000000000025f44       0x74 ./../Libraries/FreeRTOS/debug/libFreeRTOS_efm32_debug.a(queue.o)
                0x0000000000025f44                vQueueWaitForMessageRestricted
 .text.prvNotifyQueueSetContainer
                0x0000000000025fb8       0xb4 ./../Libraries/FreeRTOS/debug/libFreeRTOS_efm32_debug.a(queue.o)
 .text.xTaskCreate
                0x000000000002606c       0x90 ./../Libraries/FreeRTOS/debug/libFreeRTOS_efm32_debug.a(tasks.o)
                0x000000000002606c                xTaskCreate
 .text.prvInitialiseNewTask
                0x00000000000260fc      0x120 ./../Libraries/FreeRTOS/debug/libFreeRTOS_efm32_debug.a(tasks.o)
 .text.prvAddNewTaskToReadyList
                0x000000000002621c      0x128 ./../Libraries/FreeRTOS/debug/libFreeRTOS_efm32_debug.a(tasks.o)
 .text.vTaskDelete
                0x0000000000026344      0x164 ./../Libraries/FreeRTOS/debug/libFreeRTOS_efm32_debug.a(tasks.o)
                0x0000000000026344                vTaskDelete
 .text.vTaskDelay
                0x00000000000264a8       0x6c ./../Libraries/FreeRTOS/debug/libFreeRTOS_efm32_debug.a(tasks.o)
                0x00000000000264a8                vTaskDelay
 .text.vTaskSuspend
                0x0000000000026514      0x160 ./../Libraries/FreeRTOS/debug/libFreeRTOS_efm32_debug.a(tasks.o)
                0x0000000000026514                vTaskSuspend
 .text.prvTaskIsTaskSuspended
                0x0000000000026674       0x80 ./../Libraries/FreeRTOS/debug/libFreeRTOS_efm32_debug.a(tasks.o)
 .text.vTaskResume
                0x00000000000266f4       0xd4 ./../Libraries/FreeRTOS/debug/libFreeRTOS_efm32_debug.a(tasks.o)
                0x00000000000266f4                vTaskResume
 .text.vTaskStartScheduler
                0x00000000000267c8       0xa8 ./../Libraries/FreeRTOS/debug/libFreeRTOS_efm32_debug.a(tasks.o)
                0x00000000000267c8                vTaskStartScheduler
 .text.vTaskSuspendAll
                0x0000000000026870       0x24 ./../Libraries/FreeRTOS/debug/libFreeRTOS_efm32_debug.a(tasks.o)
                0x0000000000026870                vTaskSuspendAll
 .text.xTaskResumeAll
                0x0000000000026894      0x198 ./../Libraries/FreeRTOS/debug/libFreeRTOS_efm32_debug.a(tasks.o)
                0x0000000000026894                xTaskResumeAll
 .text.xTaskGetTickCount
                0x0000000000026a2c       0x20 ./../Libraries/FreeRTOS/debug/libFreeRTOS_efm32_debug.a(tasks.o)
                0x0000000000026a2c                xTaskGetTickCount
 .text.xTaskIncrementTick
                0x0000000000026a4c      0x204 ./../Libraries/FreeRTOS/debug/libFreeRTOS_efm32_debug.a(tasks.o)
                0x0000000000026a4c                xTaskIncrementTick
 .text.vTaskSwitchContext
                0x0000000000026c50      0x138 ./../Libraries/FreeRTOS/debug/libFreeRTOS_efm32_debug.a(tasks.o)
                0x0000000000026c50                vTaskSwitchContext
 .text.vTaskPlaceOnEventList
                0x0000000000026d88       0x48 ./../Libraries/FreeRTOS/debug/libFreeRTOS_efm32_debug.a(tasks.o)
                0x0000000000026d88                vTaskPlaceOnEventList
 .text.vTaskPlaceOnEventListRestricted
                0x0000000000026dd0       0x54 ./../Libraries/FreeRTOS/debug/libFreeRTOS_efm32_debug.a(tasks.o)
                0x0000000000026dd0                vTaskPlaceOnEventListRestricted
 .text.xTaskRemoveFromEventList
                0x0000000000026e24       0xe8 ./../Libraries/FreeRTOS/debug/libFreeRTOS_efm32_debug.a(tasks.o)
                0x0000000000026e24                xTaskRemoveFromEventList
 .text.vTaskInternalSetTimeOutState
                0x0000000000026f0c       0x30 ./../Libraries/FreeRTOS/debug/libFreeRTOS_efm32_debug.a(tasks.o)
                0x0000000000026f0c                vTaskInternalSetTimeOutState
 .text.xTaskCheckForTimeOut
                0x0000000000026f3c       0xc8 ./../Libraries/FreeRTOS/debug/libFreeRTOS_efm32_debug.a(tasks.o)
                0x0000000000026f3c                xTaskCheckForTimeOut
 .text.vTaskMissedYield
                0x0000000000027004       0x18 ./../Libraries/FreeRTOS/debug/libFreeRTOS_efm32_debug.a(tasks.o)
                0x0000000000027004                vTaskMissedYield
 .text.prvIdleTask
                0x000000000002701c       0x14 ./../Libraries/FreeRTOS/debug/libFreeRTOS_efm32_debug.a(tasks.o)
 .text.prvInitialiseTaskLists
                0x0000000000027030       0xa4 ./../Libraries/FreeRTOS/debug/libFreeRTOS_efm32_debug.a(tasks.o)
 .text.prvCheckTasksWaitingTermination
                0x00000000000270d4       0x78 ./../Libraries/FreeRTOS/debug/libFreeRTOS_efm32_debug.a(tasks.o)
 .text.prvDeleteTCB
                0x000000000002714c       0x20 ./../Libraries/FreeRTOS/debug/libFreeRTOS_efm32_debug.a(tasks.o)
 .text.prvResetNextTaskUnblockTime
                0x000000000002716c       0x5c ./../Libraries/FreeRTOS/debug/libFreeRTOS_efm32_debug.a(tasks.o)
 .text.xTaskGetSchedulerState
                0x00000000000271c8       0x48 ./../Libraries/FreeRTOS/debug/libFreeRTOS_efm32_debug.a(tasks.o)
                0x00000000000271c8                xTaskGetSchedulerState
 .text.xTaskPriorityInherit
                0x0000000000027210      0x170 ./../Libraries/FreeRTOS/debug/libFreeRTOS_efm32_debug.a(tasks.o)
                0x0000000000027210                xTaskPriorityInherit
 .text.xTaskPriorityDisinherit
                0x0000000000027380      0x13c ./../Libraries/FreeRTOS/debug/libFreeRTOS_efm32_debug.a(tasks.o)
                0x0000000000027380                xTaskPriorityDisinherit
 .text.vTaskPriorityDisinheritAfterTimeout
                0x00000000000274bc      0x178 ./../Libraries/FreeRTOS/debug/libFreeRTOS_efm32_debug.a(tasks.o)
                0x00000000000274bc                vTaskPriorityDisinheritAfterTimeout
 .text.pvTaskIncrementMutexHeldCount
                0x0000000000027634       0x38 ./../Libraries/FreeRTOS/debug/libFreeRTOS_efm32_debug.a(tasks.o)
                0x0000000000027634                pvTaskIncrementMutexHeldCount
 .text.prvAddCurrentTaskToDelayedList
                0x000000000002766c      0x110 ./../Libraries/FreeRTOS/debug/libFreeRTOS_efm32_debug.a(tasks.o)
 .text.xTimerCreateTimerTask
                0x000000000002777c       0x70 ./../Libraries/FreeRTOS/debug/libFreeRTOS_efm32_debug.a(timers.o)
                0x000000000002777c                xTimerCreateTimerTask
 .text.xTimerCreate
                0x00000000000277ec       0x40 ./../Libraries/FreeRTOS/debug/libFreeRTOS_efm32_debug.a(timers.o)
                0x00000000000277ec                xTimerCreate
 .text.prvInitialiseNewTimer
                0x000000000002782c       0x60 ./../Libraries/FreeRTOS/debug/libFreeRTOS_efm32_debug.a(timers.o)
 .text.xTimerGenericCommand
                0x000000000002788c       0xc0 ./../Libraries/FreeRTOS/debug/libFreeRTOS_efm32_debug.a(timers.o)
                0x000000000002788c                xTimerGenericCommand
 .text.prvProcessExpiredTimer
                0x000000000002794c       0x88 ./../Libraries/FreeRTOS/debug/libFreeRTOS_efm32_debug.a(timers.o)
 .text.prvTimerTask
                0x00000000000279d4       0x24 ./../Libraries/FreeRTOS/debug/libFreeRTOS_efm32_debug.a(timers.o)
 .text.prvProcessTimerOrBlockTask
                0x00000000000279f8       0xa8 ./../Libraries/FreeRTOS/debug/libFreeRTOS_efm32_debug.a(timers.o)
 .text.prvGetNextExpireTime
                0x0000000000027aa0       0x54 ./../Libraries/FreeRTOS/debug/libFreeRTOS_efm32_debug.a(timers.o)
 .text.prvSampleTimeNow
                0x0000000000027af4       0x4c ./../Libraries/FreeRTOS/debug/libFreeRTOS_efm32_debug.a(timers.o)
 .text.prvInsertTimerInActiveList
                0x0000000000027b40       0x94 ./../Libraries/FreeRTOS/debug/libFreeRTOS_efm32_debug.a(timers.o)
 .text.prvProcessReceivedCommands
                0x0000000000027bd4      0x170 ./../Libraries/FreeRTOS/debug/libFreeRTOS_efm32_debug.a(timers.o)
 .text.prvSwitchTimerLists
                0x0000000000027d44       0xf0 ./../Libraries/FreeRTOS/debug/libFreeRTOS_efm32_debug.a(timers.o)
 .text.prvCheckForValidListAndQueue
                0x0000000000027e34       0x9c ./../Libraries/FreeRTOS/debug/libFreeRTOS_efm32_debug.a(timers.o)
 .text.pvTimerGetTimerID
                0x0000000000027ed0       0x3c ./../Libraries/FreeRTOS/debug/libFreeRTOS_efm32_debug.a(timers.o)
                0x0000000000027ed0                pvTimerGetTimerID
 .text.xTimerPendFunctionCallFromISR
                0x0000000000027f0c       0x4c ./../Libraries/FreeRTOS/debug/libFreeRTOS_efm32_debug.a(timers.o)
                0x0000000000027f0c                xTimerPendFunctionCallFromISR
 .text.pvPortMalloc
                0x0000000000027f58      0x1e0 ./../Libraries/FreeRTOS/debug/libFreeRTOS_efm32_debug.a(heap_4.o)
                0x0000000000027f58                pvPortMalloc
 .text.vPortFree
                0x0000000000028138       0xcc ./../Libraries/FreeRTOS/debug/libFreeRTOS_efm32_debug.a(heap_4.o)
                0x0000000000028138                vPortFree
 .text.prvHeapInit
                0x0000000000028204       0xfc ./../Libraries/FreeRTOS/debug/libFreeRTOS_efm32_debug.a(heap_4.o)
 .text.prvInsertBlockIntoFreeList
                0x0000000000028300       0xbc ./../Libraries/FreeRTOS/debug/libFreeRTOS_efm32_debug.a(heap_4.o)
 .text.pxPortInitialiseStack
                0x00000000000283bc       0x68 ./../Libraries/FreeRTOS/debug/libFreeRTOS_efm32_debug.a(port.o)
                0x00000000000283bc                pxPortInitialiseStack
 .text.prvTaskExitError
                0x0000000000028424       0x50 ./../Libraries/FreeRTOS/debug/libFreeRTOS_efm32_debug.a(port.o)
 *fill*         0x0000000000028474        0xc 00
 .text.SVC_Handler
                0x0000000000028480       0x30 ./../Libraries/FreeRTOS/debug/libFreeRTOS_efm32_debug.a(port.o)
                0x0000000000028480                SVC_Handler
 .text.prvPortStartFirstTask
                0x00000000000284b0       0x20 ./../Libraries/FreeRTOS/debug/libFreeRTOS_efm32_debug.a(port.o)
 .text.xPortStartScheduler
                0x00000000000284d0      0x110 ./../Libraries/FreeRTOS/debug/libFreeRTOS_efm32_debug.a(port.o)
                0x00000000000284d0                xPortStartScheduler
 .text.vPortEnterCritical
                0x00000000000285e0       0x68 ./../Libraries/FreeRTOS/debug/libFreeRTOS_efm32_debug.a(port.o)
                0x00000000000285e0                vPortEnterCritical
 .text.vPortExitCritical
                0x0000000000028648       0x60 ./../Libraries/FreeRTOS/debug/libFreeRTOS_efm32_debug.a(port.o)
                0x0000000000028648                vPortExitCritical
 *fill*         0x00000000000286a8        0x8 00
 .text.PendSV_Handler
                0x00000000000286b0       0x50 ./../Libraries/FreeRTOS/debug/libFreeRTOS_efm32_debug.a(port.o)
                0x00000000000286b0                PendSV_Handler
 .text.xPortSysTickHandler
                0x0000000000028700       0x44 ./../Libraries/FreeRTOS/debug/libFreeRTOS_efm32_debug.a(port.o)
                0x0000000000028700                xPortSysTickHandler
 .text.vPortSetupTimerInterrupt
                0x0000000000028744       0x44 ./../Libraries/FreeRTOS/debug/libFreeRTOS_efm32_debug.a(port.o)
                0x0000000000028744                vPortSetupTimerInterrupt
 .text.vPortValidateInterruptPriority
                0x0000000000028788       0x78 ./../Libraries/FreeRTOS/debug/libFreeRTOS_efm32_debug.a(port.o)
                0x0000000000028788                vPortValidateInterruptPriority
 .text.vListInitialise
                0x0000000000028800       0x40 ./../Libraries/FreeRTOS/debug/libFreeRTOS_efm32_debug.a(list.o)
                0x0000000000028800                vListInitialise
 .text.vListInitialiseItem
                0x0000000000028840       0x1c ./../Libraries/FreeRTOS/debug/libFreeRTOS_efm32_debug.a(list.o)
                0x0000000000028840                vListInitialiseItem
 .text.vListInsertEnd
                0x000000000002885c       0x48 ./../Libraries/FreeRTOS/debug/libFreeRTOS_efm32_debug.a(list.o)
                0x000000000002885c                vListInsertEnd
 .text.vListInsert
                0x00000000000288a4       0x74 ./../Libraries/FreeRTOS/debug/libFreeRTOS_efm32_debug.a(list.o)
                0x00000000000288a4                vListInsert
 .text.uxListRemove
                0x0000000000028918       0x58 ./../Libraries/FreeRTOS/debug/libFreeRTOS_efm32_debug.a(list.o)
                0x0000000000028918                uxListRemove
 .text.ADC_Init
                0x0000000000028970       0x68 ./../Libraries/EMlib/debug/libEMLib_efm32_debug.a(em_adc.o)
                0x0000000000028970                ADC_Init
 .text.ADC_PrescaleCalc
                0x00000000000289d8       0x78 ./../Libraries/EMlib/debug/libEMLib_efm32_debug.a(em_adc.o)
                0x00000000000289d8                ADC_PrescaleCalc
 .text.ADC_TimebaseCalc
                0x0000000000028a50       0x74 ./../Libraries/EMlib/debug/libEMLib_efm32_debug.a(em_adc.o)
                0x0000000000028a50                ADC_TimebaseCalc
 .text.BITBAND_Peripheral
                0x0000000000028ac4       0x30 ./../Libraries/EMlib/debug/libEMLib_efm32_debug.a(em_cmu.o)
 .text.CMU_MaxFreqHfle
                0x0000000000028af4       0xb8 ./../Libraries/EMlib/debug/libEMLib_efm32_debug.a(em_cmu.o)
 .text.CMU_FlashWaitStateMax
                0x0000000000028bac       0x68 ./../Libraries/EMlib/debug/libEMLib_efm32_debug.a(em_cmu.o)
 .text.CMU_DivToLog2
                0x0000000000028c14       0x38 ./../Libraries/EMlib/debug/libEMLib_efm32_debug.a(em_cmu.o)
 .text.CMU_FlashWaitStateControl
                0x0000000000028c4c       0xf4 ./../Libraries/EMlib/debug/libEMLib_efm32_debug.a(em_cmu.o)
 .text.CMU_USBCClkGet
                0x0000000000028d40       0x50 ./../Libraries/EMlib/debug/libEMLib_efm32_debug.a(em_cmu.o)
 .text.CMU_AUXClkGet
                0x0000000000028d90       0x9c ./../Libraries/EMlib/debug/libEMLib_efm32_debug.a(em_cmu.o)
 .text.CMU_DBGClkGet
                0x0000000000028e2c       0x64 ./../Libraries/EMlib/debug/libEMLib_efm32_debug.a(em_cmu.o)
 .text.CMU_LFClkGet
                0x0000000000028e90       0xd4 ./../Libraries/EMlib/debug/libEMLib_efm32_debug.a(em_cmu.o)
 .text.CMU_Sync
                0x0000000000028f64       0x3c ./../Libraries/EMlib/debug/libEMLib_efm32_debug.a(em_cmu.o)
 .text.CMU_ClockDivSet
                0x0000000000028fa0      0x298 ./../Libraries/EMlib/debug/libEMLib_efm32_debug.a(em_cmu.o)
                0x0000000000028fa0                CMU_ClockDivSet
 .text.CMU_ClockEnable
                0x0000000000029238      0x10c ./../Libraries/EMlib/debug/libEMLib_efm32_debug.a(em_cmu.o)
                0x0000000000029238                CMU_ClockEnable
 .text.CMU_ClockFreqGet
                0x0000000000029344      0x1e8 ./../Libraries/EMlib/debug/libEMLib_efm32_debug.a(em_cmu.o)
                0x0000000000029344                CMU_ClockFreqGet
 .text.CMU_ClockSelectGet
                0x000000000002952c      0x1a4 ./../Libraries/EMlib/debug/libEMLib_efm32_debug.a(em_cmu.o)
                0x000000000002952c                CMU_ClockSelectGet
 .text.CMU_ClockSelectSet
                0x00000000000296d0      0x38c ./../Libraries/EMlib/debug/libEMLib_efm32_debug.a(em_cmu.o)
                0x00000000000296d0                CMU_ClockSelectSet
 .text.CMU_OscillatorEnable
                0x0000000000029a5c       0xe8 ./../Libraries/EMlib/debug/libEMLib_efm32_debug.a(em_cmu.o)
                0x0000000000029a5c                CMU_OscillatorEnable
 .text.NVIC_DisableIRQ
                0x0000000000029b44       0x3c ./../Libraries/EMlib/debug/libEMLib_efm32_debug.a(em_dma.o)
 .text.BITBAND_Peripheral
                0x0000000000029b80       0x30 ./../Libraries/EMlib/debug/libEMLib_efm32_debug.a(em_dma.o)
 .text.DMA_Prepare
                0x0000000000029bb0      0x138 ./../Libraries/EMlib/debug/libEMLib_efm32_debug.a(em_dma.o)
 .text.DMA_IRQHandler
                0x0000000000029ce8      0x110 ./../Libraries/EMlib/debug/libEMLib_efm32_debug.a(em_dma.o)
                0x0000000000029ce8                DMA_IRQHandler
 .text.DMA_ActivateBasic
                0x0000000000029df8       0x48 ./../Libraries/EMlib/debug/libEMLib_efm32_debug.a(em_dma.o)
                0x0000000000029df8                DMA_ActivateBasic
 .text.DMA_CfgChannel
                0x0000000000029e40       0xc0 ./../Libraries/EMlib/debug/libEMLib_efm32_debug.a(em_dma.o)
                0x0000000000029e40                DMA_CfgChannel
 .text.DMA_CfgDescr
                0x0000000000029f00       0x84 ./../Libraries/EMlib/debug/libEMLib_efm32_debug.a(em_dma.o)
                0x0000000000029f00                DMA_CfgDescr
 .text.DMA_Reset
                0x0000000000029f84       0xd4 ./../Libraries/EMlib/debug/libEMLib_efm32_debug.a(em_dma.o)
                0x0000000000029f84                DMA_Reset
 .text.SystemCoreClockUpdate
                0x000000000002a058        0xc ./../Libraries/EMlib/debug/libEMLib_efm32_debug.a(em_emu.o)
 .text.CMU_Lock
                0x000000000002a064       0x1c ./../Libraries/EMlib/debug/libEMLib_efm32_debug.a(em_emu.o)
 .text.CMU_Unlock
                0x000000000002a080       0x1c ./../Libraries/EMlib/debug/libEMLib_efm32_debug.a(em_emu.o)
 .text.EMU_Restore
                0x000000000002a09c       0xf8 ./../Libraries/EMlib/debug/libEMLib_efm32_debug.a(em_emu.o)
 .text.getErrataFixEmuE107En
                0x000000000002a194       0x80 ./../Libraries/EMlib/debug/libEMLib_efm32_debug.a(em_emu.o)
 .text.EMU_EnterEM2
                0x000000000002a214       0xd4 ./../Libraries/EMlib/debug/libEMLib_efm32_debug.a(em_emu.o)
                0x000000000002a214                EMU_EnterEM2
 .text.EMU_EnterEM3
                0x000000000002a2e8      0x100 ./../Libraries/EMlib/debug/libEMLib_efm32_debug.a(em_emu.o)
                0x000000000002a2e8                EMU_EnterEM3
 .text.EMU_UpdateOscConfig
                0x000000000002a3e8       0x20 ./../Libraries/EMlib/debug/libEMLib_efm32_debug.a(em_emu.o)
                0x000000000002a3e8                EMU_UpdateOscConfig
 .text.BITBAND_Peripheral
                0x000000000002a408       0x30 ./../Libraries/EMlib/debug/libEMLib_efm32_debug.a(em_gpio.o)
 .text.GPIO_DriveModeSet
                0x000000000002a438       0x60 ./../Libraries/EMlib/debug/libEMLib_efm32_debug.a(em_gpio.o)
                0x000000000002a438                GPIO_DriveModeSet
 .text.GPIO_IntConfig
                0x000000000002a498       0xf4 ./../Libraries/EMlib/debug/libEMLib_efm32_debug.a(em_gpio.o)
                0x000000000002a498                GPIO_IntConfig
 .text.GPIO_PinModeSet
                0x000000000002a58c      0x1b8 ./../Libraries/EMlib/debug/libEMLib_efm32_debug.a(em_gpio.o)
                0x000000000002a58c                GPIO_PinModeSet
 .text.BITBAND_Peripheral
                0x000000000002a744       0x30 ./../Libraries/EMlib/debug/libEMLib_efm32_debug.a(em_i2c.o)
 .text.I2C_BusFreqSet
                0x000000000002a774       0x94 ./../Libraries/EMlib/debug/libEMLib_efm32_debug.a(em_i2c.o)
                0x000000000002a774                I2C_BusFreqSet
 .text.I2C_Init
                0x000000000002a808       0x84 ./../Libraries/EMlib/debug/libEMLib_efm32_debug.a(em_i2c.o)
                0x000000000002a808                I2C_Init
 .text.MSC_Init
                0x000000000002a88c      0x108 ./../Libraries/EMlib/debug/libEMLib_efm32_debug.a(em_msc.o)
                0x000000000002a88c                MSC_Init
 .text.MSC_Deinit
                0x000000000002a994       0x30 ./../Libraries/EMlib/debug/libEMLib_efm32_debug.a(em_msc.o)
                0x000000000002a994                MSC_Deinit
 .text.SYSTEM_ChipRevisionGet
                0x000000000002a9c4       0x94 ./../Libraries/EMlib/debug/libEMLib_efm32_debug.a(em_system.o)
                0x000000000002a9c4                SYSTEM_ChipRevisionGet
 .text.TIMER_Init
                0x000000000002aa58      0x134 ./../Libraries/EMlib/debug/libEMLib_efm32_debug.a(em_timer.o)
                0x000000000002aa58                TIMER_Init
 .text.TIMER_InitCC
                0x000000000002ab8c       0xec ./../Libraries/EMlib/debug/libEMLib_efm32_debug.a(em_timer.o)
                0x000000000002ab8c                TIMER_InitCC
 .text.USART_BaudrateAsyncSet
                0x000000000002ac78       0xd0 ./../Libraries/EMlib/debug/libEMLib_efm32_debug.a(em_usart.o)
                0x000000000002ac78                USART_BaudrateAsyncSet
 .text.USART_BaudrateSyncSet
                0x000000000002ad48       0x7c ./../Libraries/EMlib/debug/libEMLib_efm32_debug.a(em_usart.o)
                0x000000000002ad48                USART_BaudrateSyncSet
 .text.USART_InitAsync
                0x000000000002adc4       0xbc ./../Libraries/EMlib/debug/libEMLib_efm32_debug.a(em_usart.o)
                0x000000000002adc4                USART_InitAsync
 .text.USART_Reset
                0x000000000002ae80       0xd8 ./../Libraries/EMlib/debug/libEMLib_efm32_debug.a(em_usart.o)
                0x000000000002ae80                USART_Reset
 .text.GetProdRev
                0x000000000002af58       0x1c ./../Libraries/EMlib/debug/libEMLib_efm32_debug.a(system_efm32gg.o)
 .text.SystemCoreClockGet
                0x000000000002af74       0x58 ./../Libraries/EMlib/debug/libEMLib_efm32_debug.a(system_efm32gg.o)
                0x000000000002af74                SystemCoreClockGet
 .text.SystemHFClockGet
                0x000000000002afcc      0x110 ./../Libraries/EMlib/debug/libEMLib_efm32_debug.a(system_efm32gg.o)
                0x000000000002afcc                SystemHFClockGet
 .text.SystemHFXOClockGet
                0x000000000002b0dc       0x18 ./../Libraries/EMlib/debug/libEMLib_efm32_debug.a(system_efm32gg.o)
                0x000000000002b0dc                SystemHFXOClockGet
 .text.SystemInit
                0x000000000002b0f4        0xc ./../Libraries/EMlib/debug/libEMLib_efm32_debug.a(system_efm32gg.o)
                0x000000000002b0f4                SystemInit
 .text.SystemLFRCOClockGet
                0x000000000002b100       0x10 ./../Libraries/EMlib/debug/libEMLib_efm32_debug.a(system_efm32gg.o)
                0x000000000002b100                SystemLFRCOClockGet
 .text.SystemULFRCOClockGet
                0x000000000002b110       0x10 ./../Libraries/EMlib/debug/libEMLib_efm32_debug.a(system_efm32gg.o)
                0x000000000002b110                SystemULFRCOClockGet
 .text.SystemLFXOClockGet
                0x000000000002b120       0x18 ./../Libraries/EMlib/debug/libEMLib_efm32_debug.a(system_efm32gg.o)
                0x000000000002b120                SystemLFXOClockGet
 .text.NVIC_EnableIRQ
                0x000000000002b138       0x38 ./../Libraries/EMlib/debug/libEMLib_efm32_debug.a(em_usbd.o)
 .text.NVIC_ClearPendingIRQ
                0x000000000002b170       0x3c ./../Libraries/EMlib/debug/libEMLib_efm32_debug.a(em_usbd.o)
 .text.INT_Disable
                0x000000000002b1ac       0x40 ./../Libraries/EMlib/debug/libEMLib_efm32_debug.a(em_usbd.o)
 .text.INT_Enable
                0x000000000002b1ec       0x54 ./../Libraries/EMlib/debug/libEMLib_efm32_debug.a(em_usbd.o)
 .text.USBHAL_DisableGlobalInt
                0x000000000002b240       0x34 ./../Libraries/EMlib/debug/libEMLib_efm32_debug.a(em_usbd.o)
 .text.USBHAL_EnableGlobalInt
                0x000000000002b274       0x34 ./../Libraries/EMlib/debug/libEMLib_efm32_debug.a(em_usbd.o)
 .text.USBDHAL_EnableUsbResetAndSuspendInt
                0x000000000002b2a8       0x38 ./../Libraries/EMlib/debug/libEMLib_efm32_debug.a(em_usbd.o)
 .text.USBDHAL_EpIsStalled
                0x000000000002b2e0       0x3c ./../Libraries/EMlib/debug/libEMLib_efm32_debug.a(em_usbd.o)
 .text.USBDHAL_GetStallStatusEp
                0x000000000002b31c       0xc0 ./../Libraries/EMlib/debug/libEMLib_efm32_debug.a(em_usbd.o)
 .text.USBDHAL_SetEp0InDmaPtr
                0x000000000002b3dc       0x28 ./../Libraries/EMlib/debug/libEMLib_efm32_debug.a(em_usbd.o)
 .text.USBDHAL_SetEp0OutDmaPtr
                0x000000000002b404       0x28 ./../Libraries/EMlib/debug/libEMLib_efm32_debug.a(em_usbd.o)
 .text.USBDHAL_StartEp0In
                0x000000000002b42c       0x5c ./../Libraries/EMlib/debug/libEMLib_efm32_debug.a(em_usbd.o)
 .text.USBDHAL_StartEp0Out
                0x000000000002b488       0x5c ./../Libraries/EMlib/debug/libEMLib_efm32_debug.a(em_usbd.o)
 .text.USBDHAL_StartEpIn
                0x000000000002b4e4       0xc8 ./../Libraries/EMlib/debug/libEMLib_efm32_debug.a(em_usbd.o)
 .text.USBDHAL_StartEpOut
                0x000000000002b5ac       0xd4 ./../Libraries/EMlib/debug/libEMLib_efm32_debug.a(em_usbd.o)
 .text.USBD_ArmEp
                0x000000000002b680       0x28 ./../Libraries/EMlib/debug/libEMLib_efm32_debug.a(em_usbd.o)
 .text.USBD_ArmEp0
                0x000000000002b6a8       0x88 ./../Libraries/EMlib/debug/libEMLib_efm32_debug.a(em_usbd.o)
 .text.USBD_ArmEpN
                0x000000000002b730       0x28 ./../Libraries/EMlib/debug/libEMLib_efm32_debug.a(em_usbd.o)
 .text.USBD_GetEpFromAddr
                0x000000000002b758       0xa0 ./../Libraries/EMlib/debug/libEMLib_efm32_debug.a(em_usbd.o)
 .text.USBD_Disconnect
                0x000000000002b7f8       0x14 ./../Libraries/EMlib/debug/libEMLib_efm32_debug.a(em_usbd.o)
                0x000000000002b7f8                USBD_Disconnect
 .text.USBD_GetUsbState
                0x000000000002b80c       0x1c ./../Libraries/EMlib/debug/libEMLib_efm32_debug.a(em_usbd.o)
                0x000000000002b80c                USBD_GetUsbState
 .text.USBD_Init
                0x000000000002b828      0x4fc ./../Libraries/EMlib/debug/libEMLib_efm32_debug.a(em_usbd.o)
                0x000000000002b828                USBD_Init
 .text.USBD_Read
                0x000000000002bd24      0x108 ./../Libraries/EMlib/debug/libEMLib_efm32_debug.a(em_usbd.o)
                0x000000000002bd24                USBD_Read
 .text.USBD_SetUsbState
                0x000000000002be2c       0x98 ./../Libraries/EMlib/debug/libEMLib_efm32_debug.a(em_usbd.o)
                0x000000000002be2c                USBD_SetUsbState
 .text.USBD_Write
                0x000000000002bec4      0x10c ./../Libraries/EMlib/debug/libEMLib_efm32_debug.a(em_usbd.o)
                0x000000000002bec4                USBD_Write
 .text.USBDHAL_ReenableEp0Setup
                0x000000000002bfd0       0x60 ./../Libraries/EMlib/debug/libEMLib_efm32_debug.a(em_usbdep.o)
 .text.USBDHAL_StallEp
                0x000000000002c030       0xcc ./../Libraries/EMlib/debug/libEMLib_efm32_debug.a(em_usbdep.o)
 .text.USBDHAL_StartEp0In
                0x000000000002c0fc       0x5c ./../Libraries/EMlib/debug/libEMLib_efm32_debug.a(em_usbdep.o)
 .text.USBDHAL_StartEp0Out
                0x000000000002c158       0x5c ./../Libraries/EMlib/debug/libEMLib_efm32_debug.a(em_usbdep.o)
 .text.USBD_GetEpFromAddr
                0x000000000002c1b4       0xa0 ./../Libraries/EMlib/debug/libEMLib_efm32_debug.a(em_usbdep.o)
 .text.USBD_ReArmEp0
                0x000000000002c254       0x64 ./../Libraries/EMlib/debug/libEMLib_efm32_debug.a(em_usbdep.o)
 .text.USBDEP_Ep0Handler
                0x000000000002c2b8      0x300 ./../Libraries/EMlib/debug/libEMLib_efm32_debug.a(em_usbdep.o)
                0x000000000002c2b8                USBDEP_Ep0Handler
 .text.USBDEP_EpHandler
                0x000000000002c5b8       0x60 ./../Libraries/EMlib/debug/libEMLib_efm32_debug.a(em_usbdep.o)
                0x000000000002c5b8                USBDEP_EpHandler
 .text.NVIC_ClearPendingIRQ
                0x000000000002c618       0x3c ./../Libraries/EMlib/debug/libEMLib_efm32_debug.a(em_usbhal.o)
 .text.INT_Disable
                0x000000000002c654       0x40 ./../Libraries/EMlib/debug/libEMLib_efm32_debug.a(em_usbhal.o)
 .text.INT_Enable
                0x000000000002c694       0x54 ./../Libraries/EMlib/debug/libEMLib_efm32_debug.a(em_usbhal.o)
 .text.USBHAL_FlushRxFifo
                0x000000000002c6e8       0x3c ./../Libraries/EMlib/debug/libEMLib_efm32_debug.a(em_usbhal.o)
 .text.USBHAL_FlushTxFifo
                0x000000000002c724       0x4c ./../Libraries/EMlib/debug/libEMLib_efm32_debug.a(em_usbhal.o)
 .text.USBDHAL_DeactivateEp
                0x000000000002c770       0x88 ./../Libraries/EMlib/debug/libEMLib_efm32_debug.a(em_usbhal.o)
 .text.USBDHAL_GetInEpInts
                0x000000000002c7f8       0x44 ./../Libraries/EMlib/debug/libEMLib_efm32_debug.a(em_usbhal.o)
 .text.USBDHAL_GetOutEpInts
                0x000000000002c83c       0x44 ./../Libraries/EMlib/debug/libEMLib_efm32_debug.a(em_usbhal.o)
 .text.USBDHAL_SetEPDISNAK
                0x000000000002c880       0xac ./../Libraries/EMlib/debug/libEMLib_efm32_debug.a(em_usbhal.o)
 .text.USBD_GetEpFromAddr
                0x000000000002c92c       0xa0 ./../Libraries/EMlib/debug/libEMLib_efm32_debug.a(em_usbhal.o)
 .text.USBHAL_CoreReset
                0x000000000002c9cc       0xbc ./../Libraries/EMlib/debug/libEMLib_efm32_debug.a(em_usbhal.o)
                0x000000000002c9cc                USBHAL_CoreReset
 .text.USBDHAL_CoreInit
                0x000000000002ca88      0x3ec ./../Libraries/EMlib/debug/libEMLib_efm32_debug.a(em_usbhal.o)
                0x000000000002ca88                USBDHAL_CoreInit
 .text.USBDHAL_Disconnect
                0x000000000002ce74       0x3c ./../Libraries/EMlib/debug/libEMLib_efm32_debug.a(em_usbhal.o)
                0x000000000002ce74                USBDHAL_Disconnect
 .text.USBDHAL_AbortAllEps
                0x000000000002ceb0      0x53c ./../Libraries/EMlib/debug/libEMLib_efm32_debug.a(em_usbhal.o)
                0x000000000002ceb0                USBDHAL_AbortAllEps
 .text.USBDHAL_AbortAllTransfers
                0x000000000002d3ec       0xc8 ./../Libraries/EMlib/debug/libEMLib_efm32_debug.a(em_usbhal.o)
                0x000000000002d3ec                USBDHAL_AbortAllTransfers
 .text.TIMER_CounterGet
                0x000000000002d4b4       0x18 ./../Libraries/EMlib/debug/libEMLib_efm32_debug.a(em_usbtimer.o)
 .text.TIMER_TopSet
                0x000000000002d4cc       0x1c ./../Libraries/EMlib/debug/libEMLib_efm32_debug.a(em_usbtimer.o)
 .text.DelayTicks
                0x000000000002d4e8       0x4c ./../Libraries/EMlib/debug/libEMLib_efm32_debug.a(em_usbtimer.o)
 .text.USBTIMER_DelayMs
                0x000000000002d534       0x84 ./../Libraries/EMlib/debug/libEMLib_efm32_debug.a(em_usbtimer.o)
                0x000000000002d534                USBTIMER_DelayMs
 .text.USBTIMER_DelayUs
                0x000000000002d5b8      0x124 ./../Libraries/EMlib/debug/libEMLib_efm32_debug.a(em_usbtimer.o)
                0x000000000002d5b8                USBTIMER_DelayUs
 .text.USBTIMER_Init
                0x000000000002d6dc      0x188 ./../Libraries/EMlib/debug/libEMLib_efm32_debug.a(em_usbtimer.o)
                0x000000000002d6dc                USBTIMER_Init
 .text.USBDHAL_ActivateEp
                0x000000000002d864      0x148 ./../Libraries/EMlib/debug/libEMLib_efm32_debug.a(em_usbdch9.o)
 .text.USBDHAL_DeactivateEp
                0x000000000002d9ac       0x88 ./../Libraries/EMlib/debug/libEMLib_efm32_debug.a(em_usbdch9.o)
 .text.USBDHAL_GetStallStatusEp
                0x000000000002da34       0xc0 ./../Libraries/EMlib/debug/libEMLib_efm32_debug.a(em_usbdch9.o)
 .text.USBDHAL_SetAddr
                0x000000000002daf4       0x3c ./../Libraries/EMlib/debug/libEMLib_efm32_debug.a(em_usbdch9.o)
 .text.USBDHAL_StallEp
                0x000000000002db30       0xcc ./../Libraries/EMlib/debug/libEMLib_efm32_debug.a(em_usbdch9.o)
 .text.USBDHAL_UnStallEp
                0x000000000002dbfc       0xe4 ./../Libraries/EMlib/debug/libEMLib_efm32_debug.a(em_usbdch9.o)
 .text.USBD_ActivateAllEps
                0x000000000002dce0       0x54 ./../Libraries/EMlib/debug/libEMLib_efm32_debug.a(em_usbdch9.o)
 .text.USBD_DeactivateAllEps
                0x000000000002dd34       0x68 ./../Libraries/EMlib/debug/libEMLib_efm32_debug.a(em_usbdch9.o)
 .text.USBD_GetEpFromAddr
                0x000000000002dd9c       0xa0 ./../Libraries/EMlib/debug/libEMLib_efm32_debug.a(em_usbdch9.o)
 .text.USBDCH9_SetupCmd
                0x000000000002de3c       0xec ./../Libraries/EMlib/debug/libEMLib_efm32_debug.a(em_usbdch9.o)
                0x000000000002de3c                USBDCH9_SetupCmd
 .text.ClearFeature
                0x000000000002df28       0xcc ./../Libraries/EMlib/debug/libEMLib_efm32_debug.a(em_usbdch9.o)
 .text.GetConfiguration
                0x000000000002dff4       0xb8 ./../Libraries/EMlib/debug/libEMLib_efm32_debug.a(em_usbdch9.o)
 .text.GetDescriptor
                0x000000000002e0ac      0x10c ./../Libraries/EMlib/debug/libEMLib_efm32_debug.a(em_usbdch9.o)
 .text.GetInterface
                0x000000000002e1b8       0x94 ./../Libraries/EMlib/debug/libEMLib_efm32_debug.a(em_usbdch9.o)
 .text.GetStatus
                0x000000000002e24c      0x1b4 ./../Libraries/EMlib/debug/libEMLib_efm32_debug.a(em_usbdch9.o)
 .text.SetAddress
                0x000000000002e400       0xb4 ./../Libraries/EMlib/debug/libEMLib_efm32_debug.a(em_usbdch9.o)
 .text.SetConfiguration
                0x000000000002e4b4      0x10c ./../Libraries/EMlib/debug/libEMLib_efm32_debug.a(em_usbdch9.o)
 .text.SetFeature
                0x000000000002e5c0      0x100 ./../Libraries/EMlib/debug/libEMLib_efm32_debug.a(em_usbdch9.o)
 .text.SetInterface
                0x000000000002e6c0       0x68 ./../Libraries/EMlib/debug/libEMLib_efm32_debug.a(em_usbdch9.o)
 .text._sl_GetStartResponseConvert
                0x000000000002e728       0x28 ./../Libraries/WiFi/debug/libWiFi_efm32_debug.a(device.o)
 .text.sl_Start
                0x000000000002e750      0x148 ./../Libraries/WiFi/debug/libWiFi_efm32_debug.a(device.o)
                0x000000000002e750                sl_Start
 .text._sl_HandleAsync_InitComplete
                0x000000000002e898      0x100 ./../Libraries/WiFi/debug/libWiFi_efm32_debug.a(device.o)
                0x000000000002e898                _sl_HandleAsync_InitComplete
 .text._sl_HandleAsync_Stop
                0x000000000002e998       0x90 ./../Libraries/WiFi/debug/libWiFi_efm32_debug.a(device.o)
                0x000000000002e998                _sl_HandleAsync_Stop
 .text.sl_Stop  0x000000000002ea28      0x110 ./../Libraries/WiFi/debug/libWiFi_efm32_debug.a(device.o)
                0x000000000002ea28                sl_Stop
 .text._SlDrvDeviceEventHandler
                0x000000000002eb38       0xb8 ./../Libraries/WiFi/debug/libWiFi_efm32_debug.a(device.o)
                0x000000000002eb38                _SlDrvDeviceEventHandler
 .text._SlDrvProtectAsyncRespSetting
                0x000000000002ebf0       0x5c ./../Libraries/WiFi/debug/libWiFi_efm32_debug.a(driver.o)
                0x000000000002ebf0                _SlDrvProtectAsyncRespSetting
 .text._SlDrvDriverCBInit
                0x000000000002ec4c      0x25c ./../Libraries/WiFi/debug/libWiFi_efm32_debug.a(driver.o)
                0x000000000002ec4c                _SlDrvDriverCBInit
 .text._SlDrvDriverCBDeinit
                0x000000000002eea8      0x1a8 ./../Libraries/WiFi/debug/libWiFi_efm32_debug.a(driver.o)
                0x000000000002eea8                _SlDrvDriverCBDeinit
 .text._SlDrvRxIrqHandler
                0x000000000002f050       0x80 ./../Libraries/WiFi/debug/libWiFi_efm32_debug.a(driver.o)
                0x000000000002f050                _SlDrvRxIrqHandler
 .text._SlDrvCmdOp
                0x000000000002f0d0       0xe4 ./../Libraries/WiFi/debug/libWiFi_efm32_debug.a(driver.o)
                0x000000000002f0d0                _SlDrvCmdOp
 .text._SlDrvDataReadOp
                0x000000000002f1b4      0x270 ./../Libraries/WiFi/debug/libWiFi_efm32_debug.a(driver.o)
                0x000000000002f1b4                _SlDrvDataReadOp
 .text._SlDrvDataWriteOp
                0x000000000002f424      0x1c8 ./../Libraries/WiFi/debug/libWiFi_efm32_debug.a(driver.o)
                0x000000000002f424                _SlDrvDataWriteOp
 .text._SlDrvMsgWrite
                0x000000000002f5ec      0x248 ./../Libraries/WiFi/debug/libWiFi_efm32_debug.a(driver.o)
 .text._SlDrvMsgRead
                0x000000000002f834      0x788 ./../Libraries/WiFi/debug/libWiFi_efm32_debug.a(driver.o)
 .text._SlAsyncEventGenericHandler
                0x000000000002ffbc      0x120 ./../Libraries/WiFi/debug/libWiFi_efm32_debug.a(driver.o)
 .text._SlDrvMsgReadCmdCtx
                0x00000000000300dc      0x1bc ./../Libraries/WiFi/debug/libWiFi_efm32_debug.a(driver.o)
 .text._SlDrvMsgReadSpawnCtx
                0x0000000000030298      0x11c ./../Libraries/WiFi/debug/libWiFi_efm32_debug.a(driver.o)
                0x0000000000030298                _SlDrvMsgReadSpawnCtx
 .text._SlDrvClassifyRxMsg
                0x00000000000303b4       0xf0 ./../Libraries/WiFi/debug/libWiFi_efm32_debug.a(driver.o)
 .text._SlDrvRxHdrRead
                0x00000000000304a4      0x2c0 ./../Libraries/WiFi/debug/libWiFi_efm32_debug.a(driver.o)
 .text._SlDrvCmdSend
                0x0000000000030764       0x9c ./../Libraries/WiFi/debug/libWiFi_efm32_debug.a(driver.o)
                0x0000000000030764                _SlDrvCmdSend
 .text._SlDrvWaitForPoolObj
                0x0000000000030800      0x254 ./../Libraries/WiFi/debug/libWiFi_efm32_debug.a(driver.o)
                0x0000000000030800                _SlDrvWaitForPoolObj
 .text._SlDrvReleasePoolObj
                0x0000000000030a54      0x2fc ./../Libraries/WiFi/debug/libWiFi_efm32_debug.a(driver.o)
                0x0000000000030a54                _SlDrvReleasePoolObj
 .text._SlRemoveFromList
                0x0000000000030d50      0x114 ./../Libraries/WiFi/debug/libWiFi_efm32_debug.a(driver.o)
 .text._SlFindAndSetActiveObj
                0x0000000000030e64      0x1f4 ./../Libraries/WiFi/debug/libWiFi_efm32_debug.a(driver.o)
 .text._SlDrvDispatchHttpServerEvents